// Jest Snapshot v1, https://goo.gl/fbAQLP

exports[`Barcode renders correctly in Snapshot 1`] = `
<RNCSafeAreaProvider
  onInsetsChange={[Function]}
  style={
    Array [
      Object {
        "flex": 1,
      },
      undefined,
    ]
  }
>
  <RNSScreenStack
    style={
      Object {
        "flex": 1,
      }
    }
  >
    <RNSScreen
      collapsable={false}
      forwardedRef={[Function]}
      gestureResponseDistance={
        Object {
          "bottom": -1,
          "end": -1,
          "start": -1,
          "top": -1,
        }
      }
      onAppear={[Function]}
      onDisappear={[Function]}
      onDismissed={[Function]}
      onTransitionProgress={[Function]}
      onWillDisappear={[Function]}
      replaceAnimation="push"
      stackPresentation="push"
      style={
        Object {
          "bottom": 0,
          "left": 0,
          "position": "absolute",
          "right": 0,
          "top": 0,
        }
      }
      swipeDirection="horizontal"
    >
      <RNSScreenStackHeaderConfig
        backButtonInCustomView={false}
        backgroundColor="rgb(255, 255, 255)"
        color="rgb(0, 122, 255)"
        direction="ltr"
        disableBackButtonMenu={false}
        hidden={false}
        hideBackButton={false}
        hideShadow={true}
        largeTitleHideShadow={false}
        title="default"
        titleColor="rgb(28, 28, 30)"
        topInsetEnabled={false}
        translucent={false}
      />
      <View
        style={
          Array [
            Object {
              "flex": 1,
            },
            Object {
              "backgroundColor": "rgb(242, 242, 242)",
            },
            Object {
              "backgroundColor": "#ffffff",
            },
          ]
        }
      >
        <QRCodeScanner
          cameraStyle={
            Object {
              "height": "100%",
            }
          }
          customMarker={
            <React.Fragment>
              <ForwardRef(SafeAreaView)
                style={
                  Object {
                    "alignItems": "center",
                    "elevation": 2,
                    "flexDirection": "row",
                    "justifyContent": "center",
                    "marginVertical": 8,
                    "position": "absolute",
                    "top": 0,
                    "width": "100%",
                    "zIndex": 2000,
                  }
                }
              >
                <TouchableOpacity
                  onPress={[Function]}
                  style={
                    Object {
                      "marginLeft": 16,
                    }
                  }
                >
                  <Icon
                    allowFontScaling={false}
                    color="#ffffff"
                    name="arrow-back"
                    size={24}
                  />
                </TouchableOpacity>
                <Text
                  style={
                    Object {
                      "color": "#ffffff",
                      "flexGrow": 2,
                      "fontFamily": "Roboto-Medium",
                      "fontSize": 20,
                      "fontWeight": "500",
                      "letterSpacing": 0.15,
                      "lineHeight": 24,
                      "paddingHorizontal": 16,
                      "paddingVertical": 16,
                      "textAlign": "left",
                    }
                  }
                >
                  Buscar por producto
                </Text>
                <TouchableOpacity
                  onPress={[Function]}
                  style={
                    Object {
                      "alignItems": "center",
                      "backgroundColor": "#E9EBED",
                      "borderBottomLeftRadius": 8,
                      "borderTopLeftRadius": 8,
                      "elevation": 2,
                      "height": 40,
                      "justifyContent": "center",
                      "width": 40,
                      "zIndex": 2,
                    }
                  }
                >
                  <Icon
                    allowFontScaling={false}
                    color="#000000"
                    name="close"
                    size={20}
                  />
                </TouchableOpacity>
              </ForwardRef(SafeAreaView)>
              <Image
                source={
                  Object {
                    "testUri": "../../../assets/images/barcode-custom-frame.png",
                  }
                }
                style={
                  Object {
                    "height": 300,
                    "width": 300,
                  }
                }
              />
            </React.Fragment>
          }
          fadeIn={false}
          onRead={[Function]}
          reactivate={true}
          reactivateTimeout={5000}
          showMarker={true}
          vibrate={true}
        />
      </View>
    </RNSScreen>
  </RNSScreenStack>
</RNCSafeAreaProvider>
`;
