// Jest Snapshot v1, https://goo.gl/fbAQLP

exports[`Skeleton PLP renders correctly in Snapshot Skeleton List 1`] = `
<RNCSafeAreaProvider
  onInsetsChange={[Function]}
  style={
    Array [
      Object {
        "flex": 1,
      },
      undefined,
    ]
  }
>
  <RNSScreenStack
    style={
      Object {
        "flex": 1,
      }
    }
  >
    <RNSScreen
      collapsable={false}
      forwardedRef={[Function]}
      gestureResponseDistance={
        Object {
          "bottom": -1,
          "end": -1,
          "start": -1,
          "top": -1,
        }
      }
      onAppear={[Function]}
      onDisappear={[Function]}
      onDismissed={[Function]}
      onTransitionProgress={[Function]}
      onWillDisappear={[Function]}
      replaceAnimation="push"
      stackPresentation="push"
      style={
        Object {
          "bottom": 0,
          "left": 0,
          "position": "absolute",
          "right": 0,
          "top": 0,
        }
      }
      swipeDirection="horizontal"
    >
      <RNSScreenStackHeaderConfig
        backButtonInCustomView={false}
        backgroundColor="rgb(255, 255, 255)"
        color="rgb(0, 122, 255)"
        direction="ltr"
        disableBackButtonMenu={false}
        hidden={false}
        hideBackButton={false}
        hideShadow={true}
        largeTitleHideShadow={false}
        title="default"
        titleColor="rgb(28, 28, 30)"
        topInsetEnabled={false}
        translucent={false}
      />
      <View
        style={
          Array [
            Object {
              "flex": 1,
            },
            Object {
              "backgroundColor": "rgb(242, 242, 242)",
            },
            Object {
              "backgroundColor": "#ffffff",
            },
          ]
        }
      >
        <RCTScrollView
          ItemSeparatorComponent={[Function]}
          ListHeaderComponent={[Function]}
          data={
            Array [
              1,
              2,
            ]
          }
          getItem={[Function]}
          getItemCount={[Function]}
          keyExtractor={[Function]}
          onContentSizeChange={[Function]}
          onLayout={[Function]}
          onMomentumScrollBegin={[Function]}
          onMomentumScrollEnd={[Function]}
          onScroll={[Function]}
          onScrollBeginDrag={[Function]}
          onScrollEndDrag={[Function]}
          removeClippedSubviews={false}
          renderItem={[Function]}
          scrollEventThrottle={50}
          stickyHeaderIndices={Array []}
          style={
            Object {
              "width": "100%",
            }
          }
          testID="skeleton-list"
          viewabilityConfigCallbackPairs={Array []}
        >
          <View>
            <View
              onLayout={[Function]}
            >
              <View
                style={
                  Object {
                    "height": 20,
                  }
                }
              />
            </View>
            <View
              onLayout={[Function]}
              style={null}
            >
              <View
                style={
                  Object {
                    "flexDirection": "row",
                    "marginTop": 30,
                    "paddingBottom": 70,
                    "width": "100%",
                  }
                }
              >
                <View
                  style={
                    Object {
                      "width": "50%",
                    }
                  }
                >
                  <View
                    onLayout={[Function]}
                    style={Object {}}
                  >
                    <View
                      style={
                        Object {
                          "alignSelf": "center",
                          "backgroundColor": "#E1E9EE",
                          "borderRadius": 4,
                          "height": 200,
                          "key": "Image",
                          "marginBottom": 6,
                          "overflow": "hidden",
                          "width": 150,
                        }
                      }
                    >
                      <View
                        style={
                          Array [
                            Object {
                              "height": "100%",
                              "position": "absolute",
                              "width": "100%",
                            },
                            Object {
                              "transform": Array [
                                Object {
                                  "translateX": undefined,
                                },
                              ],
                            },
                          ]
                        }
                      >
                        <BVLinearGradient
                          colors={
                            Array [
                              4292995566,
                              4294113532,
                              4292995566,
                            ]
                          }
                          endPoint={
                            Object {
                              "x": 1,
                              "y": 0,
                            }
                          }
                          locations={null}
                          startPoint={
                            Object {
                              "x": 0,
                              "y": 0,
                            }
                          }
                          style={
                            Object {
                              "flex": 1,
                            }
                          }
                        />
                      </View>
                    </View>
                  </View>
                </View>
                <View
                  style={
                    Object {
                      "width": "50%",
                    }
                  }
                >
                  <View
                    onLayout={[Function]}
                    style={Object {}}
                  >
                    <View
                      style={
                        Object {
                          "alignSelf": "auto",
                          "backgroundColor": "#E1E9EE",
                          "borderRadius": 4,
                          "height": 25,
                          "key": "title",
                          "marginLeft": 7,
                          "marginTop": 5,
                          "overflow": "hidden",
                          "width": 120,
                        }
                      }
                    >
                      <View
                        style={
                          Array [
                            Object {
                              "height": "100%",
                              "position": "absolute",
                              "width": "100%",
                            },
                            Object {
                              "transform": Array [
                                Object {
                                  "translateX": undefined,
                                },
                              ],
                            },
                          ]
                        }
                      >
                        <BVLinearGradient
                          colors={
                            Array [
                              4292995566,
                              4294113532,
                              4292995566,
                            ]
                          }
                          endPoint={
                            Object {
                              "x": 1,
                              "y": 0,
                            }
                          }
                          locations={null}
                          startPoint={
                            Object {
                              "x": 0,
                              "y": 0,
                            }
                          }
                          style={
                            Object {
                              "flex": 1,
                            }
                          }
                        />
                      </View>
                    </View>
                    <View
                      style={
                        Object {
                          "backgroundColor": "#E1E9EE",
                          "borderRadius": 4,
                          "height": 25,
                          "key": "price",
                          "marginLeft": 7,
                          "marginTop": 5,
                          "overflow": "hidden",
                          "width": 90,
                        }
                      }
                    >
                      <View
                        style={
                          Array [
                            Object {
                              "height": "100%",
                              "position": "absolute",
                              "width": "100%",
                            },
                            Object {
                              "transform": Array [
                                Object {
                                  "translateX": undefined,
                                },
                              ],
                            },
                          ]
                        }
                      >
                        <BVLinearGradient
                          colors={
                            Array [
                              4292995566,
                              4294113532,
                              4292995566,
                            ]
                          }
                          endPoint={
                            Object {
                              "x": 1,
                              "y": 0,
                            }
                          }
                          locations={null}
                          startPoint={
                            Object {
                              "x": 0,
                              "y": 0,
                            }
                          }
                          style={
                            Object {
                              "flex": 1,
                            }
                          }
                        />
                      </View>
                    </View>
                    <View
                      style={
                        Object {
                          "backgroundColor": "#E1E9EE",
                          "borderRadius": 10,
                          "height": 20,
                          "key": "color",
                          "marginLeft": 7,
                          "marginTop": 5,
                          "overflow": "hidden",
                          "width": 20,
                        }
                      }
                    >
                      <View
                        style={
                          Array [
                            Object {
                              "height": "100%",
                              "position": "absolute",
                              "width": "100%",
                            },
                            Object {
                              "transform": Array [
                                Object {
                                  "translateX": undefined,
                                },
                              ],
                            },
                          ]
                        }
                      >
                        <BVLinearGradient
                          colors={
                            Array [
                              4292995566,
                              4294113532,
                              4292995566,
                            ]
                          }
                          endPoint={
                            Object {
                              "x": 1,
                              "y": 0,
                            }
                          }
                          locations={null}
                          startPoint={
                            Object {
                              "x": 0,
                              "y": 0,
                            }
                          }
                          style={
                            Object {
                              "flex": 1,
                            }
                          }
                        />
                      </View>
                    </View>
                    <View
                      style={
                        Object {
                          "backgroundColor": "#E1E9EE",
                          "borderRadius": 10,
                          "height": 20,
                          "key": "star",
                          "marginLeft": 7,
                          "marginTop": 5,
                          "overflow": "hidden",
                          "width": 20,
                        }
                      }
                    >
                      <View
                        style={
                          Array [
                            Object {
                              "height": "100%",
                              "position": "absolute",
                              "width": "100%",
                            },
                            Object {
                              "transform": Array [
                                Object {
                                  "translateX": undefined,
                                },
                              ],
                            },
                          ]
                        }
                      >
                        <BVLinearGradient
                          colors={
                            Array [
                              4292995566,
                              4294113532,
                              4292995566,
                            ]
                          }
                          endPoint={
                            Object {
                              "x": 1,
                              "y": 0,
                            }
                          }
                          locations={null}
                          startPoint={
                            Object {
                              "x": 0,
                              "y": 0,
                            }
                          }
                          style={
                            Object {
                              "flex": 1,
                            }
                          }
                        />
                      </View>
                    </View>
                    <View
                      style={
                        Object {
                          "backgroundColor": "#E1E9EE",
                          "borderRadius": 4,
                          "height": 55,
                          "key": "text",
                          "marginLeft": 7,
                          "marginTop": 10,
                          "overflow": "hidden",
                          "width": 120,
                        }
                      }
                    >
                      <View
                        style={
                          Array [
                            Object {
                              "height": "100%",
                              "position": "absolute",
                              "width": "100%",
                            },
                            Object {
                              "transform": Array [
                                Object {
                                  "translateX": undefined,
                                },
                              ],
                            },
                          ]
                        }
                      >
                        <BVLinearGradient
                          colors={
                            Array [
                              4292995566,
                              4294113532,
                              4292995566,
                            ]
                          }
                          endPoint={
                            Object {
                              "x": 1,
                              "y": 0,
                            }
                          }
                          locations={null}
                          startPoint={
                            Object {
                              "x": 0,
                              "y": 0,
                            }
                          }
                          style={
                            Object {
                              "flex": 1,
                            }
                          }
                        />
                      </View>
                    </View>
                  </View>
                </View>
              </View>
              <View
                style={
                  Object {
                    "height": 10,
                  }
                }
              />
            </View>
            <View
              onLayout={[Function]}
              style={null}
            >
              <View
                style={
                  Object {
                    "flexDirection": "row",
                    "marginTop": 30,
                    "paddingBottom": 70,
                    "width": "100%",
                  }
                }
              >
                <View
                  style={
                    Object {
                      "width": "50%",
                    }
                  }
                >
                  <View
                    onLayout={[Function]}
                    style={Object {}}
                  >
                    <View
                      style={
                        Object {
                          "alignSelf": "center",
                          "backgroundColor": "#E1E9EE",
                          "borderRadius": 4,
                          "height": 200,
                          "key": "Image",
                          "marginBottom": 6,
                          "overflow": "hidden",
                          "width": 150,
                        }
                      }
                    >
                      <View
                        style={
                          Array [
                            Object {
                              "height": "100%",
                              "position": "absolute",
                              "width": "100%",
                            },
                            Object {
                              "transform": Array [
                                Object {
                                  "translateX": undefined,
                                },
                              ],
                            },
                          ]
                        }
                      >
                        <BVLinearGradient
                          colors={
                            Array [
                              4292995566,
                              4294113532,
                              4292995566,
                            ]
                          }
                          endPoint={
                            Object {
                              "x": 1,
                              "y": 0,
                            }
                          }
                          locations={null}
                          startPoint={
                            Object {
                              "x": 0,
                              "y": 0,
                            }
                          }
                          style={
                            Object {
                              "flex": 1,
                            }
                          }
                        />
                      </View>
                    </View>
                  </View>
                </View>
                <View
                  style={
                    Object {
                      "width": "50%",
                    }
                  }
                >
                  <View
                    onLayout={[Function]}
                    style={Object {}}
                  >
                    <View
                      style={
                        Object {
                          "alignSelf": "auto",
                          "backgroundColor": "#E1E9EE",
                          "borderRadius": 4,
                          "height": 25,
                          "key": "title",
                          "marginLeft": 7,
                          "marginTop": 5,
                          "overflow": "hidden",
                          "width": 120,
                        }
                      }
                    >
                      <View
                        style={
                          Array [
                            Object {
                              "height": "100%",
                              "position": "absolute",
                              "width": "100%",
                            },
                            Object {
                              "transform": Array [
                                Object {
                                  "translateX": undefined,
                                },
                              ],
                            },
                          ]
                        }
                      >
                        <BVLinearGradient
                          colors={
                            Array [
                              4292995566,
                              4294113532,
                              4292995566,
                            ]
                          }
                          endPoint={
                            Object {
                              "x": 1,
                              "y": 0,
                            }
                          }
                          locations={null}
                          startPoint={
                            Object {
                              "x": 0,
                              "y": 0,
                            }
                          }
                          style={
                            Object {
                              "flex": 1,
                            }
                          }
                        />
                      </View>
                    </View>
                    <View
                      style={
                        Object {
                          "backgroundColor": "#E1E9EE",
                          "borderRadius": 4,
                          "height": 25,
                          "key": "price",
                          "marginLeft": 7,
                          "marginTop": 5,
                          "overflow": "hidden",
                          "width": 90,
                        }
                      }
                    >
                      <View
                        style={
                          Array [
                            Object {
                              "height": "100%",
                              "position": "absolute",
                              "width": "100%",
                            },
                            Object {
                              "transform": Array [
                                Object {
                                  "translateX": undefined,
                                },
                              ],
                            },
                          ]
                        }
                      >
                        <BVLinearGradient
                          colors={
                            Array [
                              4292995566,
                              4294113532,
                              4292995566,
                            ]
                          }
                          endPoint={
                            Object {
                              "x": 1,
                              "y": 0,
                            }
                          }
                          locations={null}
                          startPoint={
                            Object {
                              "x": 0,
                              "y": 0,
                            }
                          }
                          style={
                            Object {
                              "flex": 1,
                            }
                          }
                        />
                      </View>
                    </View>
                    <View
                      style={
                        Object {
                          "backgroundColor": "#E1E9EE",
                          "borderRadius": 10,
                          "height": 20,
                          "key": "color",
                          "marginLeft": 7,
                          "marginTop": 5,
                          "overflow": "hidden",
                          "width": 20,
                        }
                      }
                    >
                      <View
                        style={
                          Array [
                            Object {
                              "height": "100%",
                              "position": "absolute",
                              "width": "100%",
                            },
                            Object {
                              "transform": Array [
                                Object {
                                  "translateX": undefined,
                                },
                              ],
                            },
                          ]
                        }
                      >
                        <BVLinearGradient
                          colors={
                            Array [
                              4292995566,
                              4294113532,
                              4292995566,
                            ]
                          }
                          endPoint={
                            Object {
                              "x": 1,
                              "y": 0,
                            }
                          }
                          locations={null}
                          startPoint={
                            Object {
                              "x": 0,
                              "y": 0,
                            }
                          }
                          style={
                            Object {
                              "flex": 1,
                            }
                          }
                        />
                      </View>
                    </View>
                    <View
                      style={
                        Object {
                          "backgroundColor": "#E1E9EE",
                          "borderRadius": 10,
                          "height": 20,
                          "key": "star",
                          "marginLeft": 7,
                          "marginTop": 5,
                          "overflow": "hidden",
                          "width": 20,
                        }
                      }
                    >
                      <View
                        style={
                          Array [
                            Object {
                              "height": "100%",
                              "position": "absolute",
                              "width": "100%",
                            },
                            Object {
                              "transform": Array [
                                Object {
                                  "translateX": undefined,
                                },
                              ],
                            },
                          ]
                        }
                      >
                        <BVLinearGradient
                          colors={
                            Array [
                              4292995566,
                              4294113532,
                              4292995566,
                            ]
                          }
                          endPoint={
                            Object {
                              "x": 1,
                              "y": 0,
                            }
                          }
                          locations={null}
                          startPoint={
                            Object {
                              "x": 0,
                              "y": 0,
                            }
                          }
                          style={
                            Object {
                              "flex": 1,
                            }
                          }
                        />
                      </View>
                    </View>
                    <View
                      style={
                        Object {
                          "backgroundColor": "#E1E9EE",
                          "borderRadius": 4,
                          "height": 55,
                          "key": "text",
                          "marginLeft": 7,
                          "marginTop": 10,
                          "overflow": "hidden",
                          "width": 120,
                        }
                      }
                    >
                      <View
                        style={
                          Array [
                            Object {
                              "height": "100%",
                              "position": "absolute",
                              "width": "100%",
                            },
                            Object {
                              "transform": Array [
                                Object {
                                  "translateX": undefined,
                                },
                              ],
                            },
                          ]
                        }
                      >
                        <BVLinearGradient
                          colors={
                            Array [
                              4292995566,
                              4294113532,
                              4292995566,
                            ]
                          }
                          endPoint={
                            Object {
                              "x": 1,
                              "y": 0,
                            }
                          }
                          locations={null}
                          startPoint={
                            Object {
                              "x": 0,
                              "y": 0,
                            }
                          }
                          style={
                            Object {
                              "flex": 1,
                            }
                          }
                        />
                      </View>
                    </View>
                  </View>
                </View>
              </View>
            </View>
          </View>
        </RCTScrollView>
      </View>
    </RNSScreen>
  </RNSScreenStack>
</RNCSafeAreaProvider>
`;
