// Jest Snapshot v1, https://goo.gl/fbAQLP

exports[`RelatedCreditScreen renders correctly in Snapshot 1`] = `
<RNCSafeAreaProvider
  onInsetsChange={[Function]}
  style={
    Array [
      Object {
        "flex": 1,
      },
      undefined,
    ]
  }
>
  <RNSScreenStack
    style={
      Object {
        "flex": 1,
      }
    }
  >
    <RNSScreen
      collapsable={false}
      forwardedRef={[Function]}
      gestureResponseDistance={
        Object {
          "bottom": -1,
          "end": -1,
          "start": -1,
          "top": -1,
        }
      }
      onAppear={[Function]}
      onDisappear={[Function]}
      onDismissed={[Function]}
      onTransitionProgress={[Function]}
      onWillDisappear={[Function]}
      replaceAnimation="push"
      stackPresentation="push"
      style={
        Object {
          "bottom": 0,
          "left": 0,
          "position": "absolute",
          "right": 0,
          "top": 0,
        }
      }
      swipeDirection="horizontal"
    >
      <RNSScreenStackHeaderConfig
        backButtonInCustomView={false}
        backgroundColor="rgb(255, 255, 255)"
        color="rgb(0, 122, 255)"
        direction="ltr"
        disableBackButtonMenu={false}
        hidden={false}
        hideBackButton={false}
        hideShadow={true}
        largeTitleHideShadow={false}
        title="default"
        titleColor="rgb(28, 28, 30)"
        topInsetEnabled={false}
        translucent={false}
      />
      <View
        style={
          Array [
            Object {
              "flex": 1,
            },
            Object {
              "backgroundColor": "rgb(242, 242, 242)",
            },
            Object {
              "backgroundColor": "#ffffff",
            },
          ]
        }
      >
        <View
          style={
            Object {
              "flex": 1,
              "marginHorizontal": 16,
            }
          }
        >
          <View
            accessibilityIgnoresInvertColors={true}
            style={
              Array [
                Object {
                  "alignSelf": "center",
                  "height": 143,
                  "justifyContent": "center",
                  "marginTop": 32,
                  "width": 235,
                },
                undefined,
              ]
            }
          >
            <Image
              resizeMode="contain"
              source={
                Object {
                  "testUri": "../../../assets/images/cardCredito.png",
                }
              }
              style={
                Array [
                  Object {
                    "bottom": 0,
                    "left": 0,
                    "position": "absolute",
                    "right": 0,
                    "top": 0,
                  },
                  Object {
                    "height": 143,
                    "width": 235,
                  },
                  undefined,
                ]
              }
            />
          </View>
          <Text
            style={
              Object {
                "fontFamily": "Roboto-Bold",
                "fontSize": 16,
                "marginBottom": 16,
                "marginTop": 24,
                "textAlign": "center",
              }
            }
          >
             
            creditSaveTime
             
          </Text>
          <Text
            style={
              Object {
                "alignSelf": "center",
                "color": "#000000",
                "fontFamily": "Roboto-Regular",
                "fontSize": 16,
                "lineHeight": 24,
                "marginBottom": 24,
                "textAlign": "center",
                "width": "100%",
              }
            }
          >
            creditLink1
              
          </Text>
          <View
            accessibilityLabel=""
            accessibilityState={
              Object {
                "disabled": false,
              }
            }
            accessible={true}
            collapsable={false}
            focusable={true}
            onClick={[Function]}
            onResponderGrant={[Function]}
            onResponderMove={[Function]}
            onResponderRelease={[Function]}
            onResponderTerminate={[Function]}
            onResponderTerminationRequest={[Function]}
            onStartShouldSetResponder={[Function]}
            style={
              Object {
                "alignItems": "center",
                "backgroundColor": "#E31A2C",
                "borderRadius": 5,
                "justifyContent": "center",
                "marginVertical": 16,
                "opacity": 1,
                "paddingVertical": 10,
                "width": "100%",
              }
            }
            testID=""
          >
            <View
              style={
                Object {
                  "flexDirection": "row",
                  "justifyContent": "space-between",
                }
              }
            >
              <Text
                style={
                  Array [
                    Object {
                      "color": "white",
                      "fontFamily": undefined,
                      "fontSize": 14,
                      "fontStyle": "normal",
                      "fontWeight": undefined,
                    },
                    Object {},
                    Object {},
                  ]
                }
              >
                INICIAR SESIÓN
              </Text>
            </View>
          </View>
          <Modal
            animationType="fade"
            hardwareAccelerated={false}
            onDismiss={[Function]}
            transparent={true}
            visible={false}
          />
          <Modal
            animationType="fade"
            hardwareAccelerated={false}
            onDismiss={[Function]}
            transparent={true}
            visible={false}
          />
          <View
            style={
              Object {
                "flex": 1,
                "height": "100%",
              }
            }
          />
          <View
            accessibilityLabel="vincular_credito_omitir"
            accessibilityState={
              Object {
                "disabled": false,
              }
            }
            accessible={true}
            collapsable={false}
            focusable={true}
            onClick={[Function]}
            onResponderGrant={[Function]}
            onResponderMove={[Function]}
            onResponderRelease={[Function]}
            onResponderTerminate={[Function]}
            onResponderTerminationRequest={[Function]}
            onStartShouldSetResponder={[Function]}
            style={
              Object {
                "alignItems": "center",
                "justifyContent": "center",
                "marginBottom": 16,
                "opacity": 1,
                "paddingVertical": 14,
              }
            }
            testID="vincular_credito_omitir"
          >
            <Text
              style={
                Array [
                  Object {
                    "color": "#263238",
                    "fontFamily": "Roboto-Regular",
                    "fontSize": 14,
                    "fontWeight": undefined,
                    "letterSpacing": 0.6,
                    "textDecorationLine": "underline",
                  },
                  Object {
                    "color": "#E31A2C",
                  },
                  Object {},
                ]
              }
            >
              Omitir
            </Text>
          </View>
        </View>
      </View>
    </RNSScreen>
  </RNSScreenStack>
</RNCSafeAreaProvider>
`;
