// Jest Snapshot v1, https://goo.gl/fbAQLP

exports[`Address renders correctly in Snapshot 1`] = `
<RNCSafeAreaProvider
  onInsetsChange={[Function]}
  style={
    Array [
      Object {
        "flex": 1,
      },
      undefined,
    ]
  }
>
  <RNSScreenStack
    style={
      Object {
        "flex": 1,
      }
    }
  >
    <RNSScreen
      collapsable={false}
      forwardedRef={[Function]}
      gestureResponseDistance={
        Object {
          "bottom": -1,
          "end": -1,
          "start": -1,
          "top": -1,
        }
      }
      onAppear={[Function]}
      onDisappear={[Function]}
      onDismissed={[Function]}
      onTransitionProgress={[Function]}
      onWillDisappear={[Function]}
      replaceAnimation="push"
      stackPresentation="push"
      style={
        Object {
          "bottom": 0,
          "left": 0,
          "position": "absolute",
          "right": 0,
          "top": 0,
        }
      }
      swipeDirection="horizontal"
    >
      <RNSScreenStackHeaderConfig
        backButtonInCustomView={false}
        backgroundColor="rgb(255, 255, 255)"
        color="rgb(0, 122, 255)"
        direction="ltr"
        disableBackButtonMenu={false}
        hidden={false}
        hideBackButton={false}
        hideShadow={true}
        largeTitleHideShadow={false}
        title="default"
        titleColor="rgb(28, 28, 30)"
        topInsetEnabled={false}
        translucent={false}
      />
      <View
        style={
          Array [
            Object {
              "flex": 1,
            },
            Object {
              "backgroundColor": "rgb(242, 242, 242)",
            },
            Object {
              "backgroundColor": "#ffffff",
            },
          ]
        }
      >
        <View>
          <RCTScrollView
            style={
              Object {
                "marginBottom": 80,
              }
            }
          >
            <View>
              <View>
                <View
                  style={
                    Object {
                      "backgroundColor": "#f6f6f6",
                    }
                  }
                >
                  <View
                    accessibilityRole="button"
                    accessibilityState={
                      Object {
                        "disabled": false,
                        "expanded": false,
                      }
                    }
                    accessible={true}
                    focusable={true}
                    onClick={[Function]}
                    onResponderGrant={[Function]}
                    onResponderMove={[Function]}
                    onResponderRelease={[Function]}
                    onResponderTerminate={[Function]}
                    onResponderTerminationRequest={[Function]}
                    onStartShouldSetResponder={[Function]}
                    style={
                      Array [
                        Object {
                          "overflow": "hidden",
                        },
                        Array [
                          Object {
                            "padding": 8,
                          },
                          Array [
                            Object {
                              "backgroundColor": "#ffffff",
                              "borderBottomWidth": 1,
                              "borderColor": "#979797",
                              "borderTopWidth": 1,
                            },
                            Object {
                              "backgroundColor": "#ffffff",
                              "height": 50,
                              "justifyContent": "center",
                            },
                          ],
                        ],
                      ]
                    }
                  >
                    <View
                      pointerEvents="none"
                      style={
                        Object {
                          "alignItems": "center",
                          "flexDirection": "row",
                        }
                      }
                    >
                      <View
                        style={
                          Array [
                            Object {
                              "margin": 8,
                            },
                            Object {
                              "flex": 1,
                              "justifyContent": "center",
                            },
                          ]
                        }
                      >
                        <Text
                          numberOfLines={1}
                          selectable={false}
                          style={
                            Array [
                              Object {
                                "color": "#000000",
                                "fontFamily": "System",
                                "fontWeight": "400",
                              },
                              Object {
                                "textAlign": "left",
                              },
                              Array [
                                Object {
                                  "fontSize": 16,
                                },
                                Object {
                                  "color": "rgba(0, 0, 0, 0.87)",
                                },
                                Object {
                                  "color": "#000000",
                                  "fontFamily": "Roboto-Medium",
                                  "marginLeft": -10,
                                },
                              ],
                            ]
                          }
                        >
                          <Text>
                            Direcciones de envío
                          </Text>
                        </Text>
                      </View>
                      <View
                        style={
                          Array [
                            Object {
                              "margin": 8,
                            },
                            undefined,
                          ]
                        }
                      >
                        <View
                          pointerEvents="box-none"
                          style={
                            Array [
                              Object {
                                "alignItems": "center",
                                "height": 40,
                                "justifyContent": "center",
                                "margin": 8,
                                "width": 40,
                              },
                              undefined,
                            ]
                          }
                        >
                          <Text
                            accessibilityElementsHidden={true}
                            allowFontScaling={false}
                            importantForAccessibility="no-hide-descendants"
                            pointerEvents="none"
                            selectable={false}
                            style={
                              Array [
                                Object {
                                  "color": "#263238",
                                  "fontSize": 24,
                                },
                                Array [
                                  Object {
                                    "lineHeight": 24,
                                    "transform": Array [
                                      Object {
                                        "scaleX": 1,
                                      },
                                    ],
                                  },
                                  Object {
                                    "backgroundColor": "transparent",
                                  },
                                ],
                                Object {
                                  "fontFamily": "Material Design Icons",
                                  "fontStyle": "normal",
                                  "fontWeight": "normal",
                                },
                                Object {},
                              ]
                            }
                          >
                            󰐕
                          </Text>
                        </View>
                      </View>
                    </View>
                  </View>
                </View>
              </View>
              <View>
                <View
                  style={
                    Object {
                      "backgroundColor": "#f6f6f6",
                    }
                  }
                >
                  <View
                    accessibilityRole="button"
                    accessibilityState={
                      Object {
                        "disabled": false,
                        "expanded": false,
                      }
                    }
                    accessible={true}
                    focusable={true}
                    onClick={[Function]}
                    onResponderGrant={[Function]}
                    onResponderMove={[Function]}
                    onResponderRelease={[Function]}
                    onResponderTerminate={[Function]}
                    onResponderTerminationRequest={[Function]}
                    onStartShouldSetResponder={[Function]}
                    style={
                      Array [
                        Object {
                          "overflow": "hidden",
                        },
                        Array [
                          Object {
                            "padding": 8,
                          },
                          Array [
                            Object {
                              "backgroundColor": "#ffffff",
                              "borderBottomWidth": 1,
                              "borderColor": "#979797",
                              "borderTopWidth": 1,
                            },
                            Object {
                              "backgroundColor": "#ffffff",
                              "height": 50,
                              "justifyContent": "center",
                            },
                          ],
                        ],
                      ]
                    }
                  >
                    <View
                      pointerEvents="none"
                      style={
                        Object {
                          "alignItems": "center",
                          "flexDirection": "row",
                        }
                      }
                    >
                      <View
                        style={
                          Array [
                            Object {
                              "margin": 8,
                            },
                            Object {
                              "flex": 1,
                              "justifyContent": "center",
                            },
                          ]
                        }
                      >
                        <Text
                          numberOfLines={1}
                          selectable={false}
                          style={
                            Array [
                              Object {
                                "color": "#000000",
                                "fontFamily": "System",
                                "fontWeight": "400",
                              },
                              Object {
                                "textAlign": "left",
                              },
                              Array [
                                Object {
                                  "fontSize": 16,
                                },
                                Object {
                                  "color": "rgba(0, 0, 0, 0.87)",
                                },
                                Object {
                                  "color": "#000000",
                                  "fontFamily": "Roboto-Medium",
                                  "marginLeft": -10,
                                },
                              ],
                            ]
                          }
                        >
                          <Text>
                            Direcciones de facturación
                          </Text>
                        </Text>
                      </View>
                      <View
                        style={
                          Array [
                            Object {
                              "margin": 8,
                            },
                            undefined,
                          ]
                        }
                      >
                        <View
                          pointerEvents="box-none"
                          style={
                            Array [
                              Object {
                                "alignItems": "center",
                                "height": 40,
                                "justifyContent": "center",
                                "margin": 8,
                                "width": 40,
                              },
                              undefined,
                            ]
                          }
                        >
                          <Text
                            accessibilityElementsHidden={true}
                            allowFontScaling={false}
                            importantForAccessibility="no-hide-descendants"
                            pointerEvents="none"
                            selectable={false}
                            style={
                              Array [
                                Object {
                                  "color": "#263238",
                                  "fontSize": 24,
                                },
                                Array [
                                  Object {
                                    "lineHeight": 24,
                                    "transform": Array [
                                      Object {
                                        "scaleX": 1,
                                      },
                                    ],
                                  },
                                  Object {
                                    "backgroundColor": "transparent",
                                  },
                                ],
                                Object {
                                  "fontFamily": "Material Design Icons",
                                  "fontStyle": "normal",
                                  "fontWeight": "normal",
                                },
                                Object {},
                              ]
                            }
                          >
                            󰐕
                          </Text>
                        </View>
                      </View>
                    </View>
                  </View>
                </View>
              </View>
            </View>
          </RCTScrollView>
        </View>
      </View>
    </RNSScreen>
  </RNSScreenStack>
</RNCSafeAreaProvider>
`;
