// Jest Snapshot v1, https://goo.gl/fbAQLP

exports[`MyAccount renders correctly in Snapshot 1`] = `
<RNCSafeAreaProvider
  onInsetsChange={[Function]}
  style={
    Array [
      Object {
        "flex": 1,
      },
      undefined,
    ]
  }
>
  <RNSScreenStack
    style={
      Object {
        "flex": 1,
      }
    }
  >
    <RNSScreen
      collapsable={false}
      forwardedRef={[Function]}
      gestureResponseDistance={
        Object {
          "bottom": -1,
          "end": -1,
          "start": -1,
          "top": -1,
        }
      }
      onAppear={[Function]}
      onDisappear={[Function]}
      onDismissed={[Function]}
      onTransitionProgress={[Function]}
      onWillDisappear={[Function]}
      replaceAnimation="push"
      stackPresentation="push"
      style={
        Object {
          "bottom": 0,
          "left": 0,
          "position": "absolute",
          "right": 0,
          "top": 0,
        }
      }
      swipeDirection="horizontal"
    >
      <RNSScreenStackHeaderConfig
        backButtonInCustomView={false}
        backgroundColor="rgb(255, 255, 255)"
        color="rgb(0, 122, 255)"
        direction="ltr"
        disableBackButtonMenu={false}
        hidden={false}
        hideBackButton={false}
        hideShadow={true}
        largeTitleHideShadow={false}
        title="default"
        titleColor="rgb(28, 28, 30)"
        topInsetEnabled={false}
        translucent={false}
      />
      <View
        style={
          Array [
            Object {
              "flex": 1,
            },
            Object {
              "backgroundColor": "rgb(242, 242, 242)",
            },
            Object {
              "backgroundColor": "#ffffff",
            },
          ]
        }
      >
        <RCTSafeAreaView
          emulateUnlessSupported={true}
          style={
            Object {
              "flex": 1,
            }
          }
        >
          <View
            style={
              Object {
                "paddingBottom": 80,
              }
            }
          >
            <View>
              <RCTScrollView
                ListFooterComponent={
                  <React.Fragment>
                    <LinearGradient
                      colors={
                        Array [
                          "#FFFFFF01",
                          "#FFFFFF20",
                          "#0000001A",
                        ]
                      }
                      end={
                        Object {
                          "x": 0.5,
                          "y": 1,
                        }
                      }
                      start={
                        Object {
                          "x": 0.5,
                          "y": 0,
                        }
                      }
                      style={
                        Object {
                          "height": 9,
                          "top": -10,
                          "width": "100%",
                        }
                      }
                    />
                  </React.Fragment>
                }
                ListHeaderComponent={[Function]}
                data={
                  Array [
                    Object {
                      "isLoggedIn": true,
                      "link": "ACCOUNT@ORDERS",
                      "title": "Mis compras",
                    },
                    Object {
                      "isLoggedIn": true,
                      "link": "ACCOUNT@NOTIFICATIONS",
                      "title": "Mis notificaciones",
                    },
                    Object {
                      "isLoggedIn": true,
                      "link": "ACCOUNT@ADDRESS_DELIVERY",
                      "title": "Mis direcciones",
                    },
                    Object {
                      "isLoggedIn": true,
                      "link": "ACCOUNT@SUPPORT_TICKETS",
                      "title": "Mis reclamos",
                    },
                    Object {
                      "isLoggedIn": true,
                      "link": "ACCOUNT@MY_RETURNS",
                      "title": "Mis devoluciones",
                    },
                    Object {
                      "isLoggedIn": true,
                      "link": "ACCOUNT@MY_DATA",
                      "title": "Mis datos",
                    },
                    Object {
                      "actionLink": [Function],
                      "isLoggedIn": true,
                      "link": "",
                      "title": "Cambio de contraseña",
                    },
                    Object {
                      "actionLink": [Function],
                      "isLoggedIn": false,
                      "link": "",
                      "title": "Preguntas frecuentes",
                    },
                    Object {
                      "isLoggedIn": false,
                      "link": "ACCOUNT@COSTUMER_SERVICE",
                      "title": "Servicio al cliente",
                    },
                    Object {
                      "isLoggedIn": false,
                      "link": "ACCOUNT@STORES_LIST",
                      "title": "Encuentra la tienda más cercana",
                    },
                  ]
                }
                getItem={[Function]}
                getItemCount={[Function]}
                keyExtractor={[Function]}
                onContentSizeChange={[Function]}
                onLayout={[Function]}
                onMomentumScrollBegin={[Function]}
                onMomentumScrollEnd={[Function]}
                onScroll={[Function]}
                onScrollBeginDrag={[Function]}
                onScrollEndDrag={[Function]}
                removeClippedSubviews={false}
                renderItem={[Function]}
                scrollEventThrottle={50}
                showsVerticalScrollIndicator={false}
                stickyHeaderIndices={Array []}
                viewabilityConfigCallbackPairs={Array []}
              >
                <View>
                  <View
                    onLayout={[Function]}
                  >
                    <View
                      accessibilityLabel="btn_sesion"
                      accessibilityState={
                        Object {
                          "disabled": false,
                        }
                      }
                      accessible={true}
                      collapsable={false}
                      focusable={true}
                      onClick={[Function]}
                      onResponderGrant={[Function]}
                      onResponderMove={[Function]}
                      onResponderRelease={[Function]}
                      onResponderTerminate={[Function]}
                      onResponderTerminationRequest={[Function]}
                      onStartShouldSetResponder={[Function]}
                      style={
                        Object {
                          "alignItems": "center",
                          "alignSelf": "center",
                          "backgroundColor": "#E31A2C",
                          "borderRadius": 5,
                          "justifyContent": "center",
                          "marginTop": 1,
                          "opacity": 1,
                          "paddingVertical": 10,
                          "width": "95%",
                        }
                      }
                      testID="btn_sesion"
                    >
                      <View
                        style={
                          Object {
                            "flexDirection": "row",
                            "justifyContent": "space-between",
                          }
                        }
                      >
                        <Text
                          style={
                            Array [
                              Object {
                                "color": "white",
                                "fontFamily": undefined,
                                "fontSize": 14,
                                "fontStyle": "normal",
                                "fontWeight": undefined,
                              },
                              Object {},
                              null,
                            ]
                          }
                        >
                          INICIAR SESIÓN
                        </Text>
                      </View>
                    </View>
                    <View
                      style={
                        Array [
                          Object {
                            "backgroundColor": "rgba(0, 0, 0, 0.12)",
                            "height": 0.5,
                          },
                          undefined,
                          Object {
                            "alignSelf": "center",
                            "height": 1,
                            "marginVertical": 15,
                            "width": "95%",
                          },
                        ]
                      }
                    />
                  </View>
                  <View
                    onLayout={[Function]}
                    style={null}
                  >
                    <View
                      accessible={true}
                      collapsable={false}
                      focusable={true}
                      onClick={[Function]}
                      onResponderGrant={[Function]}
                      onResponderMove={[Function]}
                      onResponderRelease={[Function]}
                      onResponderTerminate={[Function]}
                      onResponderTerminationRequest={[Function]}
                      onStartShouldSetResponder={[Function]}
                      style={
                        Object {
                          "opacity": 1,
                        }
                      }
                    >
                      <View
                        style={
                          Object {
                            "flexDirection": "row",
                            "justifyContent": "space-between",
                            "paddingHorizontal": 24,
                            "paddingVertical": 16,
                          }
                        }
                      >
                        <Text
                          style={
                            Object {
                              "color": "#000000",
                              "fontFamily": "Roboto-Regular",
                              "fontSize": 16,
                            }
                          }
                        >
                          Mis compras
                        </Text>
                        <View>
                          <Text
                            allowFontScaling={false}
                            selectable={false}
                            style={
                              Array [
                                Object {
                                  "color": undefined,
                                  "fontSize": 15,
                                },
                                undefined,
                                Object {
                                  "fontFamily": "Material Icons",
                                  "fontStyle": "normal",
                                  "fontWeight": "normal",
                                },
                                Object {},
                              ]
                            }
                          >
                            
                          </Text>
                        </View>
                      </View>
                    </View>
                  </View>
                  <View
                    onLayout={[Function]}
                    style={null}
                  >
                    <View
                      accessible={true}
                      collapsable={false}
                      focusable={true}
                      onClick={[Function]}
                      onResponderGrant={[Function]}
                      onResponderMove={[Function]}
                      onResponderRelease={[Function]}
                      onResponderTerminate={[Function]}
                      onResponderTerminationRequest={[Function]}
                      onStartShouldSetResponder={[Function]}
                      style={
                        Object {
                          "opacity": 1,
                        }
                      }
                    >
                      <View
                        style={
                          Object {
                            "flexDirection": "row",
                            "justifyContent": "space-between",
                            "paddingHorizontal": 24,
                            "paddingVertical": 16,
                          }
                        }
                      >
                        <Text
                          style={
                            Object {
                              "color": "#000000",
                              "fontFamily": "Roboto-Regular",
                              "fontSize": 16,
                            }
                          }
                        >
                          Mis notificaciones
                        </Text>
                        <View>
                          <Text
                            allowFontScaling={false}
                            selectable={false}
                            style={
                              Array [
                                Object {
                                  "color": undefined,
                                  "fontSize": 15,
                                },
                                undefined,
                                Object {
                                  "fontFamily": "Material Icons",
                                  "fontStyle": "normal",
                                  "fontWeight": "normal",
                                },
                                Object {},
                              ]
                            }
                          >
                            
                          </Text>
                        </View>
                      </View>
                    </View>
                  </View>
                  <View
                    onLayout={[Function]}
                    style={null}
                  >
                    <View
                      accessible={true}
                      collapsable={false}
                      focusable={true}
                      onClick={[Function]}
                      onResponderGrant={[Function]}
                      onResponderMove={[Function]}
                      onResponderRelease={[Function]}
                      onResponderTerminate={[Function]}
                      onResponderTerminationRequest={[Function]}
                      onStartShouldSetResponder={[Function]}
                      style={
                        Object {
                          "opacity": 1,
                        }
                      }
                    >
                      <View
                        style={
                          Object {
                            "flexDirection": "row",
                            "justifyContent": "space-between",
                            "paddingHorizontal": 24,
                            "paddingVertical": 16,
                          }
                        }
                      >
                        <Text
                          style={
                            Object {
                              "color": "#000000",
                              "fontFamily": "Roboto-Regular",
                              "fontSize": 16,
                            }
                          }
                        >
                          Mis direcciones
                        </Text>
                        <View>
                          <Text
                            allowFontScaling={false}
                            selectable={false}
                            style={
                              Array [
                                Object {
                                  "color": undefined,
                                  "fontSize": 15,
                                },
                                undefined,
                                Object {
                                  "fontFamily": "Material Icons",
                                  "fontStyle": "normal",
                                  "fontWeight": "normal",
                                },
                                Object {},
                              ]
                            }
                          >
                            
                          </Text>
                        </View>
                      </View>
                    </View>
                  </View>
                  <View
                    onLayout={[Function]}
                    style={null}
                  >
                    <View
                      accessible={true}
                      collapsable={false}
                      focusable={true}
                      onClick={[Function]}
                      onResponderGrant={[Function]}
                      onResponderMove={[Function]}
                      onResponderRelease={[Function]}
                      onResponderTerminate={[Function]}
                      onResponderTerminationRequest={[Function]}
                      onStartShouldSetResponder={[Function]}
                      style={
                        Object {
                          "opacity": 1,
                        }
                      }
                    >
                      <View
                        style={
                          Object {
                            "flexDirection": "row",
                            "justifyContent": "space-between",
                            "paddingHorizontal": 24,
                            "paddingVertical": 16,
                          }
                        }
                      >
                        <Text
                          style={
                            Object {
                              "color": "#000000",
                              "fontFamily": "Roboto-Regular",
                              "fontSize": 16,
                            }
                          }
                        >
                          Mis reclamos
                        </Text>
                        <View>
                          <Text
                            allowFontScaling={false}
                            selectable={false}
                            style={
                              Array [
                                Object {
                                  "color": undefined,
                                  "fontSize": 15,
                                },
                                undefined,
                                Object {
                                  "fontFamily": "Material Icons",
                                  "fontStyle": "normal",
                                  "fontWeight": "normal",
                                },
                                Object {},
                              ]
                            }
                          >
                            
                          </Text>
                        </View>
                      </View>
                    </View>
                  </View>
                  <View
                    onLayout={[Function]}
                    style={null}
                  >
                    <View
                      accessible={true}
                      collapsable={false}
                      focusable={true}
                      onClick={[Function]}
                      onResponderGrant={[Function]}
                      onResponderMove={[Function]}
                      onResponderRelease={[Function]}
                      onResponderTerminate={[Function]}
                      onResponderTerminationRequest={[Function]}
                      onStartShouldSetResponder={[Function]}
                      style={
                        Object {
                          "opacity": 1,
                        }
                      }
                    >
                      <View
                        style={
                          Object {
                            "flexDirection": "row",
                            "justifyContent": "space-between",
                            "paddingHorizontal": 24,
                            "paddingVertical": 16,
                          }
                        }
                      >
                        <Text
                          style={
                            Object {
                              "color": "#000000",
                              "fontFamily": "Roboto-Regular",
                              "fontSize": 16,
                            }
                          }
                        >
                          Mis devoluciones
                        </Text>
                        <View>
                          <Text
                            allowFontScaling={false}
                            selectable={false}
                            style={
                              Array [
                                Object {
                                  "color": undefined,
                                  "fontSize": 15,
                                },
                                undefined,
                                Object {
                                  "fontFamily": "Material Icons",
                                  "fontStyle": "normal",
                                  "fontWeight": "normal",
                                },
                                Object {},
                              ]
                            }
                          >
                            
                          </Text>
                        </View>
                      </View>
                    </View>
                  </View>
                  <View
                    onLayout={[Function]}
                    style={null}
                  >
                    <View
                      accessible={true}
                      collapsable={false}
                      focusable={true}
                      onClick={[Function]}
                      onResponderGrant={[Function]}
                      onResponderMove={[Function]}
                      onResponderRelease={[Function]}
                      onResponderTerminate={[Function]}
                      onResponderTerminationRequest={[Function]}
                      onStartShouldSetResponder={[Function]}
                      style={
                        Object {
                          "opacity": 1,
                        }
                      }
                    >
                      <View
                        style={
                          Object {
                            "flexDirection": "row",
                            "justifyContent": "space-between",
                            "paddingHorizontal": 24,
                            "paddingVertical": 16,
                          }
                        }
                      >
                        <Text
                          style={
                            Object {
                              "color": "#000000",
                              "fontFamily": "Roboto-Regular",
                              "fontSize": 16,
                            }
                          }
                        >
                          Mis datos
                        </Text>
                        <View>
                          <Text
                            allowFontScaling={false}
                            selectable={false}
                            style={
                              Array [
                                Object {
                                  "color": undefined,
                                  "fontSize": 15,
                                },
                                undefined,
                                Object {
                                  "fontFamily": "Material Icons",
                                  "fontStyle": "normal",
                                  "fontWeight": "normal",
                                },
                                Object {},
                              ]
                            }
                          >
                            
                          </Text>
                        </View>
                      </View>
                    </View>
                  </View>
                  <View
                    onLayout={[Function]}
                    style={null}
                  >
                    <View
                      accessible={true}
                      collapsable={false}
                      focusable={true}
                      onClick={[Function]}
                      onResponderGrant={[Function]}
                      onResponderMove={[Function]}
                      onResponderRelease={[Function]}
                      onResponderTerminate={[Function]}
                      onResponderTerminationRequest={[Function]}
                      onStartShouldSetResponder={[Function]}
                      style={
                        Object {
                          "opacity": 1,
                        }
                      }
                    >
                      <View
                        style={
                          Object {
                            "flexDirection": "row",
                            "justifyContent": "space-between",
                            "paddingHorizontal": 24,
                            "paddingVertical": 16,
                          }
                        }
                      >
                        <Text
                          style={
                            Object {
                              "color": "#000000",
                              "fontFamily": "Roboto-Regular",
                              "fontSize": 16,
                            }
                          }
                        >
                          Cambio de contraseña
                        </Text>
                        <View>
                          <Text
                            allowFontScaling={false}
                            selectable={false}
                            style={
                              Array [
                                Object {
                                  "color": undefined,
                                  "fontSize": 15,
                                },
                                undefined,
                                Object {
                                  "fontFamily": "Material Icons",
                                  "fontStyle": "normal",
                                  "fontWeight": "normal",
                                },
                                Object {},
                              ]
                            }
                          >
                            
                          </Text>
                        </View>
                      </View>
                    </View>
                  </View>
                  <View
                    onLayout={[Function]}
                    style={null}
                  >
                    <View
                      accessible={true}
                      collapsable={false}
                      focusable={true}
                      onClick={[Function]}
                      onResponderGrant={[Function]}
                      onResponderMove={[Function]}
                      onResponderRelease={[Function]}
                      onResponderTerminate={[Function]}
                      onResponderTerminationRequest={[Function]}
                      onStartShouldSetResponder={[Function]}
                      style={
                        Object {
                          "opacity": 1,
                        }
                      }
                    >
                      <View
                        style={
                          Object {
                            "flexDirection": "row",
                            "justifyContent": "space-between",
                            "paddingHorizontal": 24,
                            "paddingVertical": 16,
                          }
                        }
                      >
                        <Text
                          style={
                            Object {
                              "color": "#000000",
                              "fontFamily": "Roboto-Regular",
                              "fontSize": 16,
                            }
                          }
                        >
                          Preguntas frecuentes
                        </Text>
                        <View>
                          <Text
                            allowFontScaling={false}
                            selectable={false}
                            style={
                              Array [
                                Object {
                                  "color": undefined,
                                  "fontSize": 15,
                                },
                                undefined,
                                Object {
                                  "fontFamily": "Material Icons",
                                  "fontStyle": "normal",
                                  "fontWeight": "normal",
                                },
                                Object {},
                              ]
                            }
                          >
                            
                          </Text>
                        </View>
                      </View>
                    </View>
                  </View>
                  <View
                    onLayout={[Function]}
                    style={null}
                  >
                    <View
                      accessible={true}
                      collapsable={false}
                      focusable={true}
                      onClick={[Function]}
                      onResponderGrant={[Function]}
                      onResponderMove={[Function]}
                      onResponderRelease={[Function]}
                      onResponderTerminate={[Function]}
                      onResponderTerminationRequest={[Function]}
                      onStartShouldSetResponder={[Function]}
                      style={
                        Object {
                          "opacity": 1,
                        }
                      }
                    >
                      <View
                        style={
                          Object {
                            "flexDirection": "row",
                            "justifyContent": "space-between",
                            "paddingHorizontal": 24,
                            "paddingVertical": 16,
                          }
                        }
                      >
                        <Text
                          style={
                            Object {
                              "color": "#000000",
                              "fontFamily": "Roboto-Regular",
                              "fontSize": 16,
                            }
                          }
                        >
                          Servicio al cliente
                        </Text>
                        <View>
                          <Text
                            allowFontScaling={false}
                            selectable={false}
                            style={
                              Array [
                                Object {
                                  "color": undefined,
                                  "fontSize": 15,
                                },
                                undefined,
                                Object {
                                  "fontFamily": "Material Icons",
                                  "fontStyle": "normal",
                                  "fontWeight": "normal",
                                },
                                Object {},
                              ]
                            }
                          >
                            
                          </Text>
                        </View>
                      </View>
                    </View>
                  </View>
                  <View
                    onLayout={[Function]}
                    style={null}
                  >
                    <View
                      accessible={true}
                      collapsable={false}
                      focusable={true}
                      onClick={[Function]}
                      onResponderGrant={[Function]}
                      onResponderMove={[Function]}
                      onResponderRelease={[Function]}
                      onResponderTerminate={[Function]}
                      onResponderTerminationRequest={[Function]}
                      onStartShouldSetResponder={[Function]}
                      style={
                        Object {
                          "opacity": 1,
                        }
                      }
                    >
                      <View
                        style={
                          Object {
                            "flexDirection": "row",
                            "justifyContent": "space-between",
                            "paddingHorizontal": 24,
                            "paddingVertical": 16,
                          }
                        }
                      >
                        <Text
                          style={
                            Object {
                              "color": "#000000",
                              "fontFamily": "Roboto-Regular",
                              "fontSize": 16,
                            }
                          }
                        >
                          Encuentra la tienda más cercana
                        </Text>
                        <View>
                          <Text
                            allowFontScaling={false}
                            selectable={false}
                            style={
                              Array [
                                Object {
                                  "color": undefined,
                                  "fontSize": 15,
                                },
                                undefined,
                                Object {
                                  "fontFamily": "Material Icons",
                                  "fontStyle": "normal",
                                  "fontWeight": "normal",
                                },
                                Object {},
                              ]
                            }
                          >
                            
                          </Text>
                        </View>
                      </View>
                    </View>
                  </View>
                  <View
                    onLayout={[Function]}
                  >
                    <BVLinearGradient
                      colors={
                        Array [
                          33554431,
                          553648127,
                          436207616,
                        ]
                      }
                      endPoint={
                        Object {
                          "x": 0.5,
                          "y": 1,
                        }
                      }
                      locations={null}
                      startPoint={
                        Object {
                          "x": 0.5,
                          "y": 0,
                        }
                      }
                      style={
                        Object {
                          "height": 9,
                          "top": -10,
                          "width": "100%",
                        }
                      }
                    />
                  </View>
                </View>
              </RCTScrollView>
            </View>
            <Modal
              animationType="fade"
              hardwareAccelerated={false}
              onDismiss={[Function]}
              transparent={true}
              visible={false}
            />
            <Modal
              animationType="fade"
              hardwareAccelerated={false}
              onDismiss={[Function]}
              onRequestClose={[Function]}
              transparent={true}
              visible={false}
            />
          </View>
          <Modal
            hardwareAccelerated={false}
            transparent={true}
            visible={false}
          />
        </RCTSafeAreaView>
      </View>
    </RNSScreen>
  </RNSScreenStack>
</RNCSafeAreaProvider>
`;
