// Jest Snapshot v1, https://goo.gl/fbAQLP

exports[`StoreDetail renders correctly in Snapshot 1`] = `
<RNCSafeAreaProvider
  onInsetsChange={[Function]}
  style={
    Array [
      Object {
        "flex": 1,
      },
      undefined,
    ]
  }
>
  <RNSScreenStack
    style={
      Object {
        "flex": 1,
      }
    }
  >
    <RNSScreen
      collapsable={false}
      forwardedRef={[Function]}
      gestureResponseDistance={
        Object {
          "bottom": -1,
          "end": -1,
          "start": -1,
          "top": -1,
        }
      }
      onAppear={[Function]}
      onDisappear={[Function]}
      onDismissed={[Function]}
      onTransitionProgress={[Function]}
      onWillDisappear={[Function]}
      replaceAnimation="push"
      stackPresentation="push"
      style={
        Object {
          "bottom": 0,
          "left": 0,
          "position": "absolute",
          "right": 0,
          "top": 0,
        }
      }
      swipeDirection="horizontal"
    >
      <RNSScreenStackHeaderConfig
        backButtonInCustomView={false}
        backgroundColor="rgb(255, 255, 255)"
        color="rgb(0, 122, 255)"
        direction="ltr"
        disableBackButtonMenu={false}
        hidden={false}
        hideBackButton={false}
        hideShadow={true}
        largeTitleHideShadow={false}
        title="default"
        titleColor="rgb(28, 28, 30)"
        topInsetEnabled={false}
        translucent={false}
      />
      <View
        style={
          Array [
            Object {
              "flex": 1,
            },
            Object {
              "backgroundColor": "rgb(242, 242, 242)",
            },
            Object {
              "backgroundColor": "#ffffff",
            },
          ]
        }
      >
        <RCTScrollView
          style={
            Object {
              "flex": 1,
            }
          }
        >
          <View>
            <View
              style={
                Object {
                  "paddingBottom": 130,
                }
              }
            >
              <View
                style={
                  Object {
                    "marginBottom": 16,
                    "paddingHorizontal": 16,
                  }
                }
              >
                <View>
                  <View
                    style={
                      Object {
                        "alignItems": "center",
                        "flexDirection": "row",
                        "justifyContent": "space-between",
                        "width": "100%",
                      }
                    }
                  >
                    <Text
                      style={
                        Object {
                          "color": "#000000",
                          "fontFamily": "Roboto-Regular",
                          "fontSize": 16,
                          "fontStyle": "normal",
                          "fontWeight": "400",
                          "letterSpacing": 0.44,
                          "lineHeight": 24,
                          "marginTop": 3,
                          "textAlign": "left",
                          "width": "80%",
                        }
                      }
                    />
                    <View
                      style={
                        Object {
                          "alignSelf": "flex-start",
                          "backgroundColor": "#00CF14",
                          "borderRadius": 4,
                          "marginTop": 8,
                          "padding": 2,
                        }
                      }
                    >
                      <Text
                        style={
                          Object {
                            "color": "#ffffff",
                            "fontFamily": "Roboto-Medium",
                            "fontSize": 10,
                          }
                        }
                      />
                    </View>
                  </View>
                  <View
                    style={
                      Object {
                        "alignItems": "center",
                        "flexDirection": "row",
                        "justifyContent": "space-between",
                      }
                    }
                  >
                    <Text
                      style={
                        Object {
                          "flexDirection": "row",
                          "fontFamily": "Roboto-Regular",
                          "width": "80%",
                        }
                      }
                    >
                      

                    </Text>
                  </View>
                </View>
                <View
                  style={
                    Object {
                      "borderRadius": 8,
                    }
                  }
                >
                  <View>
                    <View />
                  </View>
                </View>
                <View
                  style={
                    Object {
                      "alignSelf": "center",
                      "flexDirection": "row",
                      "marginTop": 60,
                    }
                  }
                >
                  <View
                    accessible={true}
                    collapsable={false}
                    focusable={true}
                    onClick={[Function]}
                    onResponderGrant={[Function]}
                    onResponderMove={[Function]}
                    onResponderRelease={[Function]}
                    onResponderTerminate={[Function]}
                    onResponderTerminationRequest={[Function]}
                    onStartShouldSetResponder={[Function]}
                    style={
                      Object {
                        "flexDirection": "row",
                        "marginHorizontal": 16,
                        "opacity": 1,
                      }
                    }
                  >
                    <Text
                      allowFontScaling={false}
                      selectable={false}
                      style={
                        Array [
                          Object {
                            "color": undefined,
                            "fontSize": 18,
                          },
                          Object {
                            "marginRight": 14,
                          },
                          Object {
                            "fontFamily": "Material Design Icons",
                            "fontStyle": "normal",
                            "fontWeight": "normal",
                          },
                          Object {},
                        ]
                      }
                    >
                      󰇐
                    </Text>
                    <Text
                      style={
                        Object {
                          "color": "#000000",
                          "fontFamily": "Roboto-Regular",
                          "fontSize": 14,
                          "fontWeight": "700",
                          "letterSpacing": 0.8,
                          "textAlign": "center",
                        }
                      }
                    >
                      CÓMO LLEGAR
                    </Text>
                  </View>
                  <View
                    accessible={true}
                    collapsable={false}
                    focusable={true}
                    onClick={[Function]}
                    onResponderGrant={[Function]}
                    onResponderMove={[Function]}
                    onResponderRelease={[Function]}
                    onResponderTerminate={[Function]}
                    onResponderTerminationRequest={[Function]}
                    onStartShouldSetResponder={[Function]}
                    style={
                      Object {
                        "flexDirection": "row",
                        "marginHorizontal": 16,
                        "opacity": 1,
                      }
                    }
                  >
                    <Text
                      allowFontScaling={false}
                      selectable={false}
                      style={
                        Array [
                          Object {
                            "color": undefined,
                            "fontSize": 18,
                          },
                          Object {
                            "marginRight": 14,
                          },
                          Object {
                            "fontFamily": "Material Design Icons",
                            "fontStyle": "normal",
                            "fontWeight": "normal",
                          },
                          Object {},
                        ]
                      }
                    >
                      󰏲
                    </Text>
                    <Text
                      style={
                        Object {
                          "color": "#000000",
                          "fontFamily": "Roboto-Regular",
                          "fontSize": 14,
                          "fontWeight": "700",
                          "letterSpacing": 0.8,
                          "textAlign": "center",
                        }
                      }
                    >
                      LLAMAR
                    </Text>
                  </View>
                </View>
                <View />
                <View />
              </View>
            </View>
          </View>
        </RCTScrollView>
      </View>
    </RNSScreen>
  </RNSScreenStack>
</RNCSafeAreaProvider>
`;
