// Jest Snapshot v1, https://goo.gl/fbAQLP

exports[`BottomSheetCreditFinish renders correctly in Snapshot 1`] = `
<RNCSafeAreaProvider
  onInsetsChange={[Function]}
  style={
    Array [
      Object {
        "flex": 1,
      },
      undefined,
    ]
  }
>
  <RNSScreenStack
    style={
      Object {
        "flex": 1,
      }
    }
  >
    <RNSScreen
      collapsable={false}
      forwardedRef={[Function]}
      gestureResponseDistance={
        Object {
          "bottom": -1,
          "end": -1,
          "start": -1,
          "top": -1,
        }
      }
      onAppear={[Function]}
      onDisappear={[Function]}
      onDismissed={[Function]}
      onTransitionProgress={[Function]}
      onWillDisappear={[Function]}
      replaceAnimation="push"
      stackPresentation="push"
      style={
        Object {
          "bottom": 0,
          "left": 0,
          "position": "absolute",
          "right": 0,
          "top": 0,
        }
      }
      swipeDirection="horizontal"
    >
      <RNSScreenStackHeaderConfig
        backButtonInCustomView={false}
        backgroundColor="rgb(255, 255, 255)"
        color="rgb(0, 122, 255)"
        direction="ltr"
        disableBackButtonMenu={false}
        hidden={false}
        hideBackButton={false}
        hideShadow={true}
        largeTitleHideShadow={false}
        title="default"
        titleColor="rgb(28, 28, 30)"
        topInsetEnabled={false}
        translucent={false}
      />
      <View
        style={
          Array [
            Object {
              "flex": 1,
            },
            Object {
              "backgroundColor": "rgb(242, 242, 242)",
            },
            Object {
              "backgroundColor": "#ffffff",
            },
          ]
        }
      >
        <Modal
          animationType="fade"
          hardwareAccelerated={false}
          onDismiss={[Function]}
          onRequestClose={[Function]}
          transparent={true}
          visible={true}
        >
          <View
            style={
              Object {
                "backgroundColor": "rgba(0, 0, 0, 0.2)",
                "flex": 1,
                "justifyContent": "flex-end",
              }
            }
          >
            <View
              style={
                Object {
                  "flex": 1,
                }
              }
            >
              <View
                accessible={true}
                focusable={true}
                onClick={[Function]}
                onResponderGrant={[Function]}
                onResponderMove={[Function]}
                onResponderRelease={[Function]}
                onResponderTerminate={[Function]}
                onResponderTerminationRequest={[Function]}
                onStartShouldSetResponder={[Function]}
                style={
                  Object {
                    "flex": 1,
                  }
                }
              />
            </View>
            <View
              onLayout={[Function]}
            >
              <View
                collapsable={false}
                style={
                  Object {
                    "backgroundColor": "#ffffff",
                    "borderTopLeftRadius": 13,
                    "borderTopRightRadius": 13,
                    "elevation": 24,
                    "height": 1334,
                    "overflow": "hidden",
                    "shadowColor": "#000",
                    "shadowOffset": Object {
                      "height": 12,
                      "width": 0,
                    },
                    "shadowOpacity": 0.58,
                    "shadowRadius": 16,
                    "transform": Array [
                      Object {
                        "translateY": 0,
                      },
                    ],
                  }
                }
              >
                <View
                  style={
                    Object {
                      "alignItems": "flex-end",
                      "justifyContent": "flex-end",
                      "paddingBottom": 11,
                      "width": "100%",
                    }
                  }
                >
                  <View
                    accessibilityLabel="close_modal"
                    accessibilityRole="button"
                    accessibilityState={Object {}}
                    accessible={true}
                    collapsable={false}
                    focusable={true}
                    onClick={[Function]}
                    onResponderGrant={[Function]}
                    onResponderMove={[Function]}
                    onResponderRelease={[Function]}
                    onResponderTerminate={[Function]}
                    onResponderTerminationRequest={[Function]}
                    onStartShouldSetResponder={[Function]}
                    style={
                      Object {
                        "alignItems": "center",
                        "backgroundColor": "#E6E6E6",
                        "borderRadius": 4,
                        "height": 28,
                        "justifyContent": "center",
                        "opacity": 1,
                        "width": 28,
                      }
                    }
                    testID="close_modal"
                  >
                    <Text
                      allowFontScaling={false}
                      selectable={false}
                      style={
                        Array [
                          Object {
                            "color": "#000000",
                            "fontSize": 18,
                          },
                          undefined,
                          Object {
                            "fontFamily": "Material Icons",
                            "fontStyle": "normal",
                            "fontWeight": "normal",
                          },
                          Object {},
                        ]
                      }
                    >
                      
                    </Text>
                  </View>
                </View>
                <RCTScrollView
                  contentContainerStyle={Object {}}
                  style={
                    Array [
                      Object {
                        "paddingHorizontal": 24,
                      },
                      Object {},
                    ]
                  }
                >
                  <View>
                    <View
                      accessibilityIgnoresInvertColors={true}
                      style={
                        Array [
                          Object {
                            "alignSelf": "center",
                            "height": 143,
                            "justifyContent": "center",
                            "marginTop": 32,
                            "width": 235,
                          },
                          Object {
                            "height": 236,
                            "marginTop": -8,
                            "width": 230,
                          },
                        ]
                      }
                    >
                      <Image
                        resizeMode="contain"
                        source={
                          Object {
                            "testUri": "../../../assets/images/cardCredito.png",
                          }
                        }
                        style={
                          Array [
                            Object {
                              "bottom": 0,
                              "left": 0,
                              "position": "absolute",
                              "right": 0,
                              "top": 0,
                            },
                            Object {
                              "height": 236,
                              "width": 230,
                            },
                            undefined,
                          ]
                        }
                      />
                    </View>
                    <View
                      style={
                        Object {
                          "backgroundColor": "#F5F6F9",
                          "borderRadius": 6,
                          "elevation": 3,
                          "paddingHorizontal": 18,
                          "shadowColor": "#000",
                          "shadowOffset": Object {
                            "height": 1,
                            "width": 0,
                          },
                          "shadowOpacity": 0.22,
                          "shadowRadius": 2.22,
                        }
                      }
                    >
                      <Text
                        style={
                          Object {
                            "color": "#000000",
                            "fontFamily": "Roboto-Regular",
                            "fontSize": 16,
                            "fontStyle": "normal",
                            "fontWeight": "400",
                            "letterSpacing": 0.44,
                            "lineHeight": 24,
                            "marginTop": 16,
                            "textAlign": "center",
                          }
                        }
                      >
                        Hemos enviado a tu celular
991XXX404 tu código de compra para que continúes con la transacción.
                      </Text>
                      <Text
                        style={
                          Object {
                            "color": "#000000",
                            "fontFamily": "Roboto-Regular",
                            "fontSize": 14,
                            "fontWeight": "400",
                            "letterSpacing": 0.25,
                            "lineHeight": 20,
                            "marginVertical": 16,
                            "textAlign": "center",
                          }
                        }
                      >
                        Código válido por 5 minutos
                      </Text>
                      <View
                        style={Object {}}
                      >
                        <View
                          pointerEvents="none"
                          style={
                            Array [
                              Object {
                                "bottom": 0,
                                "left": 0,
                                "position": "absolute",
                                "right": 0,
                                "top": 6,
                              },
                              Object {
                                "backgroundColor": "#F5F6F9",
                                "borderColor": "#979797",
                                "borderRadius": 4,
                                "borderWidth": 1,
                              },
                            ]
                          }
                          testID="text-input-outline"
                        />
                        <View>
                          <View
                            style={
                              Array [
                                Object {
                                  "paddingBottom": 0,
                                },
                                Object {
                                  "minHeight": 47,
                                  "paddingTop": 8,
                                },
                              ]
                            }
                          >
                            <TextInput
                              accessibilityIgnoresInvertColors={true}
                              autoComplete="off"
                              editable={true}
                              keyboardType="number-pad"
                              maxFontSizeMultiplier={1.5}
                              maxLength={10}
                              multiline={false}
                              onBlur={[Function]}
                              onChangeText={[Function]}
                              onFocus={[Function]}
                              placeholder="Ingresa el código aquí"
                              placeholderTextColor="#979797"
                              selectionColor="#979797"
                              style={
                                Array [
                                  Object {
                                    "flexGrow": 1,
                                    "margin": 0,
                                    "paddingHorizontal": 14,
                                    "zIndex": 1,
                                  },
                                  Object {
                                    "height": 47,
                                  },
                                  Object {
                                    "paddingBottom": 15.5,
                                    "paddingTop": 15.5,
                                  },
                                  Object {
                                    "color": "#000000",
                                    "fontFamily": "System",
                                    "fontSize": 16,
                                    "fontWeight": undefined,
                                    "textAlign": "left",
                                    "textAlignVertical": "center",
                                  },
                                  false,
                                  Array [
                                    Object {},
                                  ],
                                ]
                              }
                              underlineColorAndroid="transparent"
                              value=""
                            />
                          </View>
                        </View>
                      </View>
                      <View
                        accessibilityLabel="VALIDAR Y PAGAR"
                        accessible={true}
                        collapsable={false}
                        focusable={true}
                        onClick={[Function]}
                        onResponderGrant={[Function]}
                        onResponderMove={[Function]}
                        onResponderRelease={[Function]}
                        onResponderTerminate={[Function]}
                        onResponderTerminationRequest={[Function]}
                        onStartShouldSetResponder={[Function]}
                        style={
                          Object {
                            "alignItems": "center",
                            "backgroundColor": "#D3D3D3",
                            "borderRadius": 5,
                            "flexDirection": "row",
                            "height": 47,
                            "justifyContent": "center",
                            "marginTop": 16,
                            "opacity": 1,
                            "paddingVertical": 10,
                          }
                        }
                        testID="VALIDAR Y PAGAR"
                      >
                        <Text
                          style={
                            Array [
                              Object {
                                "color": "#000000",
                                "fontFamily": "Roboto-Regular",
                                "fontSize": 14,
                                "fontWeight": "700",
                                "letterSpacing": 0.8,
                                "textAlign": "center",
                              },
                              undefined,
                              Object {
                                "color": "#ffffff",
                                "opacity": 0.5,
                              },
                            ]
                          }
                        >
                          VALIDAR Y PAGAR
                        </Text>
                      </View>
                      <View
                        accessibilityLabel=""
                        accessibilityState={
                          Object {
                            "disabled": false,
                          }
                        }
                        accessible={true}
                        collapsable={false}
                        focusable={true}
                        onClick={[Function]}
                        onResponderGrant={[Function]}
                        onResponderMove={[Function]}
                        onResponderRelease={[Function]}
                        onResponderTerminate={[Function]}
                        onResponderTerminationRequest={[Function]}
                        onStartShouldSetResponder={[Function]}
                        style={
                          Object {
                            "alignItems": "center",
                            "justifyContent": "center",
                            "marginVertical": 28,
                            "opacity": 1,
                            "paddingVertical": 14,
                          }
                        }
                        testID=""
                      >
                        <Text
                          style={
                            Array [
                              Object {
                                "color": "#263238",
                                "fontFamily": "Roboto-Regular",
                                "fontSize": 14,
                                "fontWeight": undefined,
                                "letterSpacing": 0.6,
                                "textDecorationLine": "underline",
                              },
                              Object {
                                "color": "#E31A2C",
                              },
                              Object {},
                            ]
                          }
                        >
                          Reenviar código de compra
                        </Text>
                      </View>
                    </View>
                    <View
                      onLayout={[Function]}
                      style={
                        Object {
                          "marginVertical": 8,
                          "width": "100%",
                        }
                      }
                    >
                      <View
                        style={
                          Object {
                            "alignSelf": "center",
                            "backgroundColor": "#E1E9EE",
                            "borderRadius": 4,
                            "height": 70,
                            "key": "creditfinish",
                            "overflow": "hidden",
                            "width": "95%",
                          }
                        }
                      >
                        <View
                          style={
                            Array [
                              Object {
                                "height": "100%",
                                "position": "absolute",
                                "width": "100%",
                              },
                              Object {
                                "transform": Array [
                                  Object {
                                    "translateX": undefined,
                                  },
                                ],
                              },
                            ]
                          }
                        >
                          <BVLinearGradient
                            colors={
                              Array [
                                4292995566,
                                4294113532,
                                4292995566,
                              ]
                            }
                            endPoint={
                              Object {
                                "x": 1,
                                "y": 0,
                              }
                            }
                            locations={null}
                            startPoint={
                              Object {
                                "x": 0,
                                "y": 0,
                              }
                            }
                            style={
                              Object {
                                "flex": 1,
                              }
                            }
                          />
                        </View>
                      </View>
                    </View>
                  </View>
                </RCTScrollView>
              </View>
            </View>
          </View>
        </Modal>
      </View>
    </RNSScreen>
  </RNSScreenStack>
</RNCSafeAreaProvider>
`;
