// Jest Snapshot v1, https://goo.gl/fbAQLP

exports[`DeliveryStorePickup renders correctly in Snapshot Loaging 1`] = `
<RNCSafeAreaProvider
  onInsetsChange={[Function]}
  style={
    Array [
      Object {
        "flex": 1,
      },
      undefined,
    ]
  }
>
  <RNSScreenStack
    style={
      Object {
        "flex": 1,
      }
    }
  >
    <RNSScreen
      collapsable={false}
      forwardedRef={[Function]}
      gestureResponseDistance={
        Object {
          "bottom": -1,
          "end": -1,
          "start": -1,
          "top": -1,
        }
      }
      onAppear={[Function]}
      onDisappear={[Function]}
      onDismissed={[Function]}
      onTransitionProgress={[Function]}
      onWillDisappear={[Function]}
      replaceAnimation="push"
      stackPresentation="push"
      style={
        Object {
          "bottom": 0,
          "left": 0,
          "position": "absolute",
          "right": 0,
          "top": 0,
        }
      }
      swipeDirection="horizontal"
    >
      <RNSScreenStackHeaderConfig
        backButtonInCustomView={false}
        backgroundColor="rgb(255, 255, 255)"
        color="rgb(0, 122, 255)"
        direction="ltr"
        disableBackButtonMenu={false}
        hidden={false}
        hideBackButton={false}
        hideShadow={true}
        largeTitleHideShadow={false}
        title="default"
        titleColor="rgb(28, 28, 30)"
        topInsetEnabled={false}
        translucent={false}
      />
      <View
        style={
          Array [
            Object {
              "flex": 1,
            },
            Object {
              "backgroundColor": "rgb(242, 242, 242)",
            },
            Object {
              "backgroundColor": "#ffffff",
            },
          ]
        }
      >
        <RCTSafeAreaView
          emulateUnlessSupported={true}
          style={
            Object {
              "flex": 1,
            }
          }
        >
          <View
            style={
              Object {
                "marginTop": 20,
                "width": "100%",
              }
            }
          >
            <View
              onLayout={[Function]}
              style={Object {}}
            >
              <View
                style={
                  Object {
                    "alignSelf": "center",
                    "backgroundColor": "#E1E9EE",
                    "borderRadius": 4,
                    "height": 25,
                    "key": "title",
                    "marginLeft": 7,
                    "marginTop": 20,
                    "overflow": "hidden",
                    "width": 220,
                  }
                }
              >
                <View
                  style={
                    Array [
                      Object {
                        "height": "100%",
                        "position": "absolute",
                        "width": "100%",
                      },
                      Object {
                        "transform": Array [
                          Object {
                            "translateX": undefined,
                          },
                        ],
                      },
                    ]
                  }
                >
                  <BVLinearGradient
                    colors={
                      Array [
                        4292995566,
                        4294113532,
                        4292995566,
                      ]
                    }
                    endPoint={
                      Object {
                        "x": 1,
                        "y": 0,
                      }
                    }
                    locations={null}
                    startPoint={
                      Object {
                        "x": 0,
                        "y": 0,
                      }
                    }
                    style={
                      Object {
                        "flex": 1,
                      }
                    }
                  />
                </View>
              </View>
              <View
                style={
                  Object {
                    "alignSelf": "center",
                    "backgroundColor": "#E1E9EE",
                    "borderRadius": 4,
                    "height": 40,
                    "key": "dropDown1",
                    "marginLeft": 7,
                    "marginTop": 30,
                    "overflow": "hidden",
                    "width": 300,
                  }
                }
              >
                <View
                  style={
                    Array [
                      Object {
                        "height": "100%",
                        "position": "absolute",
                        "width": "100%",
                      },
                      Object {
                        "transform": Array [
                          Object {
                            "translateX": undefined,
                          },
                        ],
                      },
                    ]
                  }
                >
                  <BVLinearGradient
                    colors={
                      Array [
                        4292995566,
                        4294113532,
                        4292995566,
                      ]
                    }
                    endPoint={
                      Object {
                        "x": 1,
                        "y": 0,
                      }
                    }
                    locations={null}
                    startPoint={
                      Object {
                        "x": 0,
                        "y": 0,
                      }
                    }
                    style={
                      Object {
                        "flex": 1,
                      }
                    }
                  />
                </View>
              </View>
              <View
                style={
                  Object {
                    "alignSelf": "center",
                    "backgroundColor": "#E1E9EE",
                    "borderRadius": 4,
                    "height": 40,
                    "key": "dropDown2",
                    "marginLeft": 7,
                    "marginTop": 10,
                    "overflow": "hidden",
                    "width": 300,
                  }
                }
              >
                <View
                  style={
                    Array [
                      Object {
                        "height": "100%",
                        "position": "absolute",
                        "width": "100%",
                      },
                      Object {
                        "transform": Array [
                          Object {
                            "translateX": undefined,
                          },
                        ],
                      },
                    ]
                  }
                >
                  <BVLinearGradient
                    colors={
                      Array [
                        4292995566,
                        4294113532,
                        4292995566,
                      ]
                    }
                    endPoint={
                      Object {
                        "x": 1,
                        "y": 0,
                      }
                    }
                    locations={null}
                    startPoint={
                      Object {
                        "x": 0,
                        "y": 0,
                      }
                    }
                    style={
                      Object {
                        "flex": 1,
                      }
                    }
                  />
                </View>
              </View>
              <View
                style={
                  Object {
                    "alignSelf": "center",
                    "backgroundColor": "#E1E9EE",
                    "borderRadius": 4,
                    "height": 120,
                    "key": "address",
                    "marginLeft": 7,
                    "marginTop": 20,
                    "overflow": "hidden",
                    "width": 300,
                  }
                }
              >
                <View
                  style={
                    Array [
                      Object {
                        "height": "100%",
                        "position": "absolute",
                        "width": "100%",
                      },
                      Object {
                        "transform": Array [
                          Object {
                            "translateX": undefined,
                          },
                        ],
                      },
                    ]
                  }
                >
                  <BVLinearGradient
                    colors={
                      Array [
                        4292995566,
                        4294113532,
                        4292995566,
                      ]
                    }
                    endPoint={
                      Object {
                        "x": 1,
                        "y": 0,
                      }
                    }
                    locations={null}
                    startPoint={
                      Object {
                        "x": 0,
                        "y": 0,
                      }
                    }
                    style={
                      Object {
                        "flex": 1,
                      }
                    }
                  />
                </View>
              </View>
              <View
                style={
                  Object {
                    "alignSelf": "auto",
                    "backgroundColor": "#E1E9EE",
                    "borderRadius": 4,
                    "height": 40,
                    "key": "btn-clean",
                    "marginLeft": 35,
                    "marginTop": 20,
                    "overflow": "hidden",
                    "width": 120,
                  }
                }
              >
                <View
                  style={
                    Array [
                      Object {
                        "height": "100%",
                        "position": "absolute",
                        "width": "100%",
                      },
                      Object {
                        "transform": Array [
                          Object {
                            "translateX": undefined,
                          },
                        ],
                      },
                    ]
                  }
                >
                  <BVLinearGradient
                    colors={
                      Array [
                        4292995566,
                        4294113532,
                        4292995566,
                      ]
                    }
                    endPoint={
                      Object {
                        "x": 1,
                        "y": 0,
                      }
                    }
                    locations={null}
                    startPoint={
                      Object {
                        "x": 0,
                        "y": 0,
                      }
                    }
                    style={
                      Object {
                        "flex": 1,
                      }
                    }
                  />
                </View>
              </View>
            </View>
          </View>
          <Modal
            hardwareAccelerated={false}
            transparent={true}
            visible={true}
          >
            <View
              style={
                Object {
                  "alignItems": "center",
                  "backgroundColor": "#ffffffb3",
                  "flex": 1,
                  "justifyContent": "center",
                }
              }
            >
              <View
                accessibilityRole="progressbar"
                accessibilityState={
                  Object {
                    "busy": true,
                  }
                }
                accessible={true}
                style={
                  Array [
                    Object {
                      "alignItems": "center",
                      "justifyContent": "center",
                    },
                    undefined,
                  ]
                }
              >
                <View
                  collapsable={false}
                  style={
                    Object {
                      "height": 48,
                      "opacity": 1,
                      "width": 48,
                    }
                  }
                >
                  <View
                    collapsable={false}
                    style={
                      Object {
                        "alignItems": "center",
                        "bottom": 0,
                        "justifyContent": "center",
                        "left": 0,
                        "position": "absolute",
                        "right": 0,
                        "top": 0,
                      }
                    }
                  >
                    <View
                      collapsable={false}
                      style={
                        Object {
                          "height": 48,
                          "transform": Array [
                            Object {
                              "rotate": "45deg",
                            },
                          ],
                          "width": 48,
                        }
                      }
                    >
                      <View
                        collapsable={false}
                        style={
                          Object {
                            "height": 24,
                            "overflow": "hidden",
                            "width": 48,
                          }
                        }
                      >
                        <View
                          collapsable={false}
                          style={
                            Object {
                              "height": 48,
                              "transform": Array [
                                Object {
                                  "translateY": 0,
                                },
                                Object {
                                  "rotate": "-165deg",
                                },
                              ],
                              "width": 48,
                            }
                          }
                        >
                          <View
                            collapsable={false}
                            style={
                              Object {
                                "height": 24,
                                "overflow": "hidden",
                                "width": 48,
                              }
                            }
                          >
                            <View
                              collapsable={false}
                              style={
                                Object {
                                  "borderColor": "#E31A2C",
                                  "borderRadius": 24,
                                  "borderWidth": 4.8,
                                  "height": 48,
                                  "width": 48,
                                }
                              }
                            />
                          </View>
                        </View>
                      </View>
                    </View>
                  </View>
                  <View
                    collapsable={false}
                    style={
                      Object {
                        "alignItems": "center",
                        "bottom": 0,
                        "justifyContent": "center",
                        "left": 0,
                        "position": "absolute",
                        "right": 0,
                        "top": 0,
                      }
                    }
                  >
                    <View
                      collapsable={false}
                      style={
                        Object {
                          "height": 48,
                          "transform": Array [
                            Object {
                              "rotate": "45deg",
                            },
                          ],
                          "width": 48,
                        }
                      }
                    >
                      <View
                        collapsable={false}
                        style={
                          Object {
                            "height": 24,
                            "overflow": "hidden",
                            "top": 24,
                            "width": 48,
                          }
                        }
                      >
                        <View
                          collapsable={false}
                          style={
                            Object {
                              "height": 48,
                              "transform": Array [
                                Object {
                                  "translateY": -24,
                                },
                                Object {
                                  "rotate": "345deg",
                                },
                              ],
                              "width": 48,
                            }
                          }
                        >
                          <View
                            collapsable={false}
                            style={
                              Object {
                                "height": 24,
                                "overflow": "hidden",
                                "width": 48,
                              }
                            }
                          >
                            <View
                              collapsable={false}
                              style={
                                Object {
                                  "borderColor": "#E31A2C",
                                  "borderRadius": 24,
                                  "borderWidth": 4.8,
                                  "height": 48,
                                  "width": 48,
                                }
                              }
                            />
                          </View>
                        </View>
                      </View>
                    </View>
                  </View>
                </View>
              </View>
            </View>
          </Modal>
        </RCTSafeAreaView>
      </View>
    </RNSScreen>
  </RNSScreenStack>
</RNCSafeAreaProvider>
`;
