// Jest Snapshot v1, https://goo.gl/fbAQLP

exports[`DeliverySelect renders correctly in Snapshot 1`] = `
<RNCSafeAreaProvider
  onInsetsChange={[Function]}
  style={
    Array [
      Object {
        "flex": 1,
      },
      undefined,
    ]
  }
>
  <RNSScreenStack
    style={
      Object {
        "flex": 1,
      }
    }
  >
    <RNSScreen
      collapsable={false}
      forwardedRef={[Function]}
      gestureResponseDistance={
        Object {
          "bottom": -1,
          "end": -1,
          "start": -1,
          "top": -1,
        }
      }
      onAppear={[Function]}
      onDisappear={[Function]}
      onDismissed={[Function]}
      onTransitionProgress={[Function]}
      onWillDisappear={[Function]}
      replaceAnimation="push"
      stackPresentation="push"
      style={
        Object {
          "bottom": 0,
          "left": 0,
          "position": "absolute",
          "right": 0,
          "top": 0,
        }
      }
      swipeDirection="horizontal"
    >
      <RNSScreenStackHeaderConfig
        backButtonInCustomView={false}
        backgroundColor="rgb(255, 255, 255)"
        color="rgb(0, 122, 255)"
        direction="ltr"
        disableBackButtonMenu={false}
        hidden={false}
        hideBackButton={false}
        hideShadow={true}
        largeTitleHideShadow={false}
        title="default"
        titleColor="rgb(28, 28, 30)"
        topInsetEnabled={false}
        translucent={false}
      />
      <View
        style={
          Array [
            Object {
              "flex": 1,
            },
            Object {
              "backgroundColor": "rgb(242, 242, 242)",
            },
            Object {
              "backgroundColor": "#ffffff",
            },
          ]
        }
      >
        <RCTSafeAreaView
          emulateUnlessSupported={true}
          style={
            Object {
              "flex": 1,
            }
          }
        >
          <RCTScrollView
            contentContainerStyle={
              Object {
                "paddingBottom": 190,
              }
            }
            showsVerticalScrollIndicator={false}
          >
            <View>
              <Text
                style={
                  Object {
                    "color": "#000000",
                    "fontFamily": "Roboto-Regular",
                    "fontSize": 16,
                    "fontStyle": "normal",
                    "fontWeight": "400",
                    "letterSpacing": 0.44,
                    "lineHeight": 24,
                    "marginTop": 24,
                    "textAlign": "center",
                  }
                }
              >
                Elige como quieres recibir tu pedido
              </Text>
              <View
                style={
                  Object {
                    "alignItems": "stretch",
                    "flexDirection": "row",
                    "flexWrap": "wrap",
                    "justifyContent": "space-around",
                    "marginTop": 16,
                    "minHeight": 320,
                    "paddingHorizontal": 16,
                  }
                }
              >
                <View
                  accessibilityLabel="delivery_select0"
                  accessible={true}
                  collapsable={false}
                  focusable={true}
                  onClick={[Function]}
                  onResponderGrant={[Function]}
                  onResponderMove={[Function]}
                  onResponderRelease={[Function]}
                  onResponderTerminate={[Function]}
                  onResponderTerminationRequest={[Function]}
                  onStartShouldSetResponder={[Function]}
                  style={
                    Object {
                      "borderColor": "rgba(0, 0, 0, 0.12)",
                      "borderRadius": 8,
                      "borderWidth": 1,
                      "height": "100%",
                      "maxWidth": 175,
                      "opacity": 1,
                      "paddingBottom": 8,
                      "shadowColor": "rgba(0, 0, 0, 0.12)",
                      "width": "45%",
                    }
                  }
                  testID="delivery_select0"
                >
                  <View
                    style={
                      Object {
                        "alignContent": "center",
                        "alignItems": "center",
                        "backgroundColor": "#E0E0E0",
                        "borderTopLeftRadius": 7,
                        "borderTopRightRadius": 7,
                        "height": 93,
                        "justifyContent": "center",
                        "width": "100%",
                      }
                    }
                  >
                    <View
                      style={
                        Object {
                          "backgroundColor": "#C4C4C4",
                          "borderRadius": 50,
                          "overflow": "hidden",
                          "padding": 12,
                        }
                      }
                    >
                      <Image
                        source={
                          Object {
                            "testUri": "../../../assets/images/delivery/deliveryHome.png",
                          }
                        }
                        style={Object {}}
                      />
                    </View>
                  </View>
                  <View
                    style={
                      Object {
                        "paddingHorizontal": 16,
                        "paddingVertical": 22,
                      }
                    }
                  >
                    <Text
                      style={
                        Object {
                          "color": "#C22431",
                          "fontFamily": "Roboto-Medium",
                          "fontSize": 14,
                          "fontWeight": "500",
                          "letterSpacing": 0.1,
                          "textAlign": "left",
                        }
                      }
                    >
                      A DOMICILIO
                    </Text>
                    <Text
                      style={
                        Object {
                          "color": "#000000",
                          "fontFamily": "Roboto-Regular",
                          "fontSize": 14,
                          "fontWeight": "400",
                          "letterSpacing": 0.25,
                          "lineHeight": 20,
                          "marginBottom": 8,
                          "marginTop": 16,
                          "textAlign": "left",
                        }
                      }
                    >
                      Recibe tu pedido en tu casa, oficina o en la direcci√≥n que nos indiques.
                    </Text>
                  </View>
                </View>
                <View
                  accessibilityLabel="delivery_select1"
                  accessible={true}
                  collapsable={false}
                  focusable={true}
                  onClick={[Function]}
                  onResponderGrant={[Function]}
                  onResponderMove={[Function]}
                  onResponderRelease={[Function]}
                  onResponderTerminate={[Function]}
                  onResponderTerminationRequest={[Function]}
                  onStartShouldSetResponder={[Function]}
                  style={
                    Object {
                      "borderColor": "rgba(0, 0, 0, 0.12)",
                      "borderRadius": 8,
                      "borderWidth": 1,
                      "height": "100%",
                      "maxWidth": 175,
                      "opacity": 1,
                      "paddingBottom": 8,
                      "shadowColor": "rgba(0, 0, 0, 0.12)",
                      "width": "45%",
                    }
                  }
                  testID="delivery_select1"
                >
                  <View
                    style={
                      Object {
                        "alignContent": "center",
                        "alignItems": "center",
                        "backgroundColor": "#E0E0E0",
                        "borderTopLeftRadius": 7,
                        "borderTopRightRadius": 7,
                        "height": 93,
                        "justifyContent": "center",
                        "width": "100%",
                      }
                    }
                  >
                    <View
                      style={
                        Object {
                          "backgroundColor": "#C4C4C4",
                          "borderRadius": 50,
                          "overflow": "hidden",
                          "padding": 12,
                        }
                      }
                    >
                      <Image
                        source={
                          Object {
                            "testUri": "../../../assets/images/delivery/deliveryAgency.png",
                          }
                        }
                        style={Object {}}
                      />
                    </View>
                  </View>
                  <View
                    style={
                      Object {
                        "paddingHorizontal": 16,
                        "paddingVertical": 22,
                      }
                    }
                  >
                    <Text
                      style={
                        Object {
                          "color": "#C22431",
                          "fontFamily": "Roboto-Medium",
                          "fontSize": 14,
                          "fontWeight": "500",
                          "letterSpacing": 0.1,
                          "textAlign": "left",
                        }
                      }
                    >
                      EN AGENCIAS AUTORIZADAS
                    </Text>
                    <Text
                      style={
                        Object {
                          "color": "#000000",
                          "fontFamily": "Roboto-Regular",
                          "fontSize": 14,
                          "fontWeight": "400",
                          "letterSpacing": 0.25,
                          "lineHeight": 20,
                          "marginBottom": 8,
                          "marginTop": 16,
                          "textAlign": "left",
                        }
                      }
                    >
                      Retira tu pedido en nuestras agencias autorizadas a nivel nacional.
                    </Text>
                    <View
                      style={
                        Object {
                          "backgroundColor": "#ffffff",
                          "height": 40,
                          "width": "100%",
                        }
                      }
                    >
                      <RCTScrollView
                        activeAnimationOptions={null}
                        activeAnimationType="timing"
                        activeSlideAlignment="center"
                        activeSlideOffset={20}
                        apparitionDelay={0}
                        automaticallyAdjustContentInsets={false}
                        autoplay={true}
                        autoplayDelay={1000}
                        autoplayInterval={2000}
                        callbackOffsetMargin={5}
                        collapsable={false}
                        containerCustomStyle={Object {}}
                        contentContainerCustomStyle={Object {}}
                        contentContainerStyle={
                          Array [
                            Object {
                              "paddingLeft": 0,
                              "paddingRight": 0,
                            },
                            Object {},
                          ]
                        }
                        data={
                          Array [
                            "https://imagesdevapp.deprati.com.ec/checkout/courier1.svg",
                            "https://imagesdevapp.deprati.com.ec/checkout/courier2.svg",
                            "https://imagesdevapp.deprati.com.ec/checkout/courier1.svg",
                            "https://imagesdevapp.deprati.com.ec/checkout/courier2.svg",
                            "https://imagesdevapp.deprati.com.ec/checkout/courier1.svg",
                            "https://imagesdevapp.deprati.com.ec/checkout/courier2.svg",
                          ]
                        }
                        decelerationRate="fast"
                        directionalLockEnabled={true}
                        enableMomentum={false}
                        enableSnap={true}
                        firstItem={0}
                        forwardedRef={[Function]}
                        getItem={[Function]}
                        getItemCount={[Function]}
                        hasParallaxImages={false}
                        horizontal={true}
                        inactiveSlideOpacity={0.7}
                        inactiveSlideScale={0.9}
                        inactiveSlideShift={0}
                        initialNumToRender={6}
                        invertStickyHeaders={false}
                        inverted={false}
                        itemWidth={234.375}
                        keyExtractor={[Function]}
                        layout="default"
                        lockScrollTimeoutDuration={1000}
                        lockScrollWhileSnapping={false}
                        loop={true}
                        loopClonesPerSide={2}
                        maxToRenderPerBatch={13}
                        onContentSizeChange={[Function]}
                        onLayout={[Function]}
                        onMomentumScrollBegin={[Function]}
                        onMomentumScrollEnd={[Function]}
                        onResponderRelease={[Function]}
                        onScroll={[Function]}
                        onScrollBeginDrag={[Function]}
                        onScrollEndDrag={[Function]}
                        onStartShouldSetResponderCapture={[Function]}
                        onTouchEnd={[Function]}
                        onTouchStart={[Function]}
                        overScrollMode="never"
                        pinchGestureEnabled={false}
                        removeClippedSubviews={false}
                        renderItem={[Function]}
                        scrollEnabled={true}
                        scrollEventThrottle={1}
                        scrollsToTop={false}
                        shouldOptimizeUpdates={true}
                        showsHorizontalScrollIndicator={false}
                        showsVerticalScrollIndicator={false}
                        slideStyle={Object {}}
                        sliderWidth={234.375}
                        stickyHeaderIndices={Array []}
                        style={
                          Object {
                            "flexDirection": "row",
                            "opacity": 0,
                            "width": 234.375,
                          }
                        }
                        swipeThreshold={20}
                        useScrollView={false}
                        vertical={false}
                        viewabilityConfigCallbackPairs={Array []}
                        windowSize={13}
                      >
                        <View>
                          <View
                            onLayout={[Function]}
                            style={
                              Array [
                                Object {
                                  "flexDirection": "row",
                                },
                                null,
                              ]
                            }
                          >
                            <View
                              collapsable={false}
                              pointerEvents="box-none"
                              style={
                                Object {
                                  "opacity": 1,
                                  "transform": Array [
                                    Object {
                                      "scale": 1,
                                    },
                                  ],
                                  "width": 234.375,
                                }
                              }
                            />
                          </View>
                          <View
                            onLayout={[Function]}
                            style={
                              Array [
                                Object {
                                  "flexDirection": "row",
                                },
                                null,
                              ]
                            }
                          >
                            <View
                              collapsable={false}
                              pointerEvents="box-none"
                              style={
                                Object {
                                  "opacity": 0.7,
                                  "transform": Array [
                                    Object {
                                      "scale": 0.9,
                                    },
                                  ],
                                  "width": 234.375,
                                }
                              }
                            />
                          </View>
                          <View
                            onLayout={[Function]}
                            style={
                              Array [
                                Object {
                                  "flexDirection": "row",
                                },
                                null,
                              ]
                            }
                          >
                            <View
                              collapsable={false}
                              pointerEvents="box-none"
                              style={
                                Object {
                                  "opacity": 0.7,
                                  "transform": Array [
                                    Object {
                                      "scale": 0.9,
                                    },
                                  ],
                                  "width": 234.375,
                                }
                              }
                            />
                          </View>
                          <View
                            onLayout={[Function]}
                            style={
                              Array [
                                Object {
                                  "flexDirection": "row",
                                },
                                null,
                              ]
                            }
                          >
                            <View
                              collapsable={false}
                              pointerEvents="box-none"
                              style={
                                Object {
                                  "opacity": 0.7,
                                  "transform": Array [
                                    Object {
                                      "scale": 0.9,
                                    },
                                  ],
                                  "width": 234.375,
                                }
                              }
                            />
                          </View>
                          <View
                            onLayout={[Function]}
                            style={
                              Array [
                                Object {
                                  "flexDirection": "row",
                                },
                                null,
                              ]
                            }
                          >
                            <View
                              collapsable={false}
                              pointerEvents="box-none"
                              style={
                                Object {
                                  "opacity": 0.7,
                                  "transform": Array [
                                    Object {
                                      "scale": 0.9,
                                    },
                                  ],
                                  "width": 234.375,
                                }
                              }
                            />
                          </View>
                          <View
                            onLayout={[Function]}
                            style={
                              Array [
                                Object {
                                  "flexDirection": "row",
                                },
                                null,
                              ]
                            }
                          >
                            <View
                              collapsable={false}
                              pointerEvents="box-none"
                              style={
                                Object {
                                  "opacity": 0.7,
                                  "transform": Array [
                                    Object {
                                      "scale": 0.9,
                                    },
                                  ],
                                  "width": 234.375,
                                }
                              }
                            />
                          </View>
                        </View>
                      </RCTScrollView>
                    </View>
                  </View>
                </View>
              </View>
            </View>
          </RCTScrollView>
          <Modal
            hardwareAccelerated={false}
            transparent={true}
            visible={false}
          />
        </RCTSafeAreaView>
      </View>
    </RNSScreen>
  </RNSScreenStack>
</RNCSafeAreaProvider>
`;
