// Jest Snapshot v1, https://goo.gl/fbAQLP

exports[`DeliveryAddress renders correctly in Snapshot 1`] = `
<RNCSafeAreaProvider
  onInsetsChange={[Function]}
  style={
    Array [
      Object {
        "flex": 1,
      },
      undefined,
    ]
  }
>
  <RNSScreenStack
    style={
      Object {
        "flex": 1,
      }
    }
  >
    <RNSScreen
      collapsable={false}
      forwardedRef={[Function]}
      gestureResponseDistance={
        Object {
          "bottom": -1,
          "end": -1,
          "start": -1,
          "top": -1,
        }
      }
      onAppear={[Function]}
      onDisappear={[Function]}
      onDismissed={[Function]}
      onTransitionProgress={[Function]}
      onWillDisappear={[Function]}
      replaceAnimation="push"
      stackPresentation="push"
      style={
        Object {
          "bottom": 0,
          "left": 0,
          "position": "absolute",
          "right": 0,
          "top": 0,
        }
      }
      swipeDirection="horizontal"
    >
      <RNSScreenStackHeaderConfig
        backButtonInCustomView={false}
        backgroundColor="rgb(255, 255, 255)"
        color="rgb(0, 122, 255)"
        direction="ltr"
        disableBackButtonMenu={false}
        hidden={false}
        hideBackButton={false}
        hideShadow={true}
        largeTitleHideShadow={false}
        title="default"
        titleColor="rgb(28, 28, 30)"
        topInsetEnabled={false}
        translucent={false}
      />
      <View
        style={
          Array [
            Object {
              "flex": 1,
            },
            Object {
              "backgroundColor": "rgb(242, 242, 242)",
            },
            Object {
              "backgroundColor": "#ffffff",
            },
          ]
        }
      >
        <RCTSafeAreaView
          emulateUnlessSupported={true}
          style={
            Object {
              "flex": 1,
            }
          }
        >
          <RCTScrollView
            contentContainerStyle={
              Object {
                "paddingBottom": 200,
              }
            }
            showsVerticalScrollIndicator={false}
          >
            <View>
              <View
                accessibilityRole="radiogroup"
              >
                <View>
                  <View
                    style={
                      Object {
                        "backgroundColor": "#f6f6f6",
                      }
                    }
                  >
                    <View
                      accessibilityRole="button"
                      accessibilityState={
                        Object {
                          "disabled": false,
                          "expanded": true,
                        }
                      }
                      accessible={true}
                      focusable={true}
                      onClick={[Function]}
                      onResponderGrant={[Function]}
                      onResponderMove={[Function]}
                      onResponderRelease={[Function]}
                      onResponderTerminate={[Function]}
                      onResponderTerminationRequest={[Function]}
                      onStartShouldSetResponder={[Function]}
                      style={
                        Array [
                          Object {
                            "overflow": "hidden",
                          },
                          Array [
                            Object {
                              "padding": 8,
                            },
                            Array [
                              Object {
                                "backgroundColor": "#ffffff",
                                "borderBottomWidth": 0.5,
                                "borderColor": "#979797",
                                "borderTopWidth": 0.5,
                                "height": 50,
                                "justifyContent": "center",
                                "width": "100%",
                              },
                            ],
                          ],
                        ]
                      }
                    >
                      <View
                        pointerEvents="none"
                        style={
                          Object {
                            "alignItems": "center",
                            "flexDirection": "row",
                          }
                        }
                      >
                        <View
                          style={
                            Array [
                              Object {
                                "margin": 8,
                              },
                              Object {
                                "flex": 1,
                                "justifyContent": "center",
                              },
                            ]
                          }
                        >
                          <Text
                            numberOfLines={1}
                            selectable={false}
                            style={
                              Array [
                                Object {
                                  "color": "#000000",
                                  "fontFamily": "System",
                                  "fontWeight": "400",
                                },
                                Object {
                                  "textAlign": "left",
                                },
                                Array [
                                  Object {
                                    "fontSize": 16,
                                  },
                                  Object {
                                    "color": "#6200ee",
                                  },
                                  Object {
                                    "color": "#263238",
                                    "fontFamily": "Roboto-Regular",
                                    "fontSize": 14,
                                    "fontWeight": "600",
                                    "lineHeight": 20,
                                  },
                                ],
                              ]
                            }
                          >
                            Enviar a mi dirección principal
                          </Text>
                        </View>
                        <View
                          style={
                            Array [
                              Object {
                                "margin": 8,
                              },
                              undefined,
                            ]
                          }
                        >
                          <View
                            pointerEvents="box-none"
                            style={
                              Array [
                                Object {
                                  "alignItems": "center",
                                  "height": 40,
                                  "justifyContent": "center",
                                  "margin": 8,
                                  "width": 40,
                                },
                                undefined,
                              ]
                            }
                          >
                            <Text
                              accessibilityElementsHidden={true}
                              allowFontScaling={false}
                              importantForAccessibility="no-hide-descendants"
                              pointerEvents="none"
                              selectable={false}
                              style={
                                Array [
                                  Object {
                                    "color": "#263238",
                                    "fontSize": 24,
                                  },
                                  Array [
                                    Object {
                                      "lineHeight": 24,
                                      "transform": Array [
                                        Object {
                                          "scaleX": 1,
                                        },
                                      ],
                                    },
                                    Object {
                                      "backgroundColor": "transparent",
                                    },
                                  ],
                                  Object {
                                    "fontFamily": "Material Design Icons",
                                    "fontStyle": "normal",
                                    "fontWeight": "normal",
                                  },
                                  Object {},
                                ]
                              }
                            >
                              󰅖
                            </Text>
                          </View>
                        </View>
                      </View>
                    </View>
                  </View>
                  <View
                    style={
                      Array [
                        Object {
                          "alignItems": "center",
                          "alignSelf": "center",
                          "justifyContent": "center",
                          "marginHorizontal": 16,
                          "marginVertical": 16,
                          "width": "100%",
                        },
                        Object {},
                      ]
                    }
                  >
                    <View
                      style={
                        Object {
                          "alignItems": "center",
                          "alignSelf": "center",
                          "backgroundColor": "#C4C4C4",
                          "borderRadius": 180,
                          "height": 360,
                          "justifyContent": "center",
                          "marginBottom": 10,
                          "width": 360,
                        }
                      }
                    >
                      <Text
                        allowFontScaling={false}
                        selectable={false}
                        style={
                          Array [
                            Object {
                              "color": "#E31A2C",
                              "fontSize": 170,
                            },
                            undefined,
                            Object {
                              "fontFamily": "Material Design Icons",
                              "fontStyle": "normal",
                              "fontWeight": "normal",
                            },
                            Object {},
                          ]
                        }
                      >
                        󰍎
                      </Text>
                    </View>
                    <Text
                      style={
                        Object {
                          "color": "#263238",
                          "fontFamily": "Roboto-Regular",
                          "fontSize": 14,
                          "fontStyle": "normal",
                          "fontWeight": "400",
                          "letterSpacing": 0.2,
                          "lineHeight": 24,
                          "paddingHorizontal": 5,
                          "textAlign": "center",
                          "width": "80%",
                        }
                      }
                    >
                      Actualmente no cuentas con dirección de envío guardada.
                      <Text
                        style={
                          Array [
                            Object {
                              "fontFamily": "Roboto-Regular",
                              "fontStyle": "normal",
                              "fontWeight": "bold",
                            },
                            Object {
                              "color": "#000000",
                            },
                          ]
                        }
                      >
                         Para continuar es necesario que agregues una dirección.
                      </Text>
                    </Text>
                    <View
                      accessibilityLabel="AGREGAR DIRECCIÓN DE ENVÍO"
                      accessible={true}
                      collapsable={false}
                      focusable={true}
                      onClick={[Function]}
                      onResponderGrant={[Function]}
                      onResponderMove={[Function]}
                      onResponderRelease={[Function]}
                      onResponderTerminate={[Function]}
                      onResponderTerminationRequest={[Function]}
                      onStartShouldSetResponder={[Function]}
                      style={
                        Object {
                          "alignItems": "center",
                          "backgroundColor": "#E31A2C",
                          "borderRadius": 5,
                          "flexDirection": "row",
                          "height": 40,
                          "justifyContent": "center",
                          "marginHorizontal": 16,
                          "marginTop": 12,
                          "opacity": 1,
                          "paddingVertical": 10,
                          "width": "85%",
                        }
                      }
                      testID="AGREGAR DIRECCIÓN DE ENVÍO"
                    >
                      <Text
                        style={
                          Array [
                            Object {
                              "color": "#000000",
                              "fontFamily": "Roboto-Regular",
                              "fontSize": 14,
                              "fontWeight": "700",
                              "letterSpacing": 0.8,
                              "textAlign": "center",
                            },
                            undefined,
                            Object {
                              "color": "#ffffff",
                              "opacity": 1,
                            },
                          ]
                        }
                      >
                        AGREGAR DIRECCIÓN DE ENVÍO
                      </Text>
                    </View>
                  </View>
                </View>
                <View>
                  <View
                    style={
                      Object {
                        "backgroundColor": "#f6f6f6",
                      }
                    }
                  >
                    <View
                      accessibilityRole="button"
                      accessibilityState={
                        Object {
                          "disabled": false,
                          "expanded": false,
                        }
                      }
                      accessible={true}
                      focusable={true}
                      onClick={[Function]}
                      onResponderGrant={[Function]}
                      onResponderMove={[Function]}
                      onResponderRelease={[Function]}
                      onResponderTerminate={[Function]}
                      onResponderTerminationRequest={[Function]}
                      onStartShouldSetResponder={[Function]}
                      style={
                        Array [
                          Object {
                            "overflow": "hidden",
                          },
                          Array [
                            Object {
                              "padding": 8,
                            },
                            Array [
                              Object {
                                "backgroundColor": "#ffffff",
                                "borderBottomWidth": 0.5,
                                "borderColor": "#979797",
                                "borderTopWidth": 0.5,
                                "height": 50,
                                "justifyContent": "center",
                                "width": "100%",
                              },
                            ],
                          ],
                        ]
                      }
                    >
                      <View
                        pointerEvents="none"
                        style={
                          Object {
                            "alignItems": "center",
                            "flexDirection": "row",
                          }
                        }
                      >
                        <View
                          style={
                            Array [
                              Object {
                                "margin": 8,
                              },
                              Object {
                                "flex": 1,
                                "justifyContent": "center",
                              },
                            ]
                          }
                        >
                          <Text
                            numberOfLines={1}
                            selectable={false}
                            style={
                              Array [
                                Object {
                                  "color": "#000000",
                                  "fontFamily": "System",
                                  "fontWeight": "400",
                                },
                                Object {
                                  "textAlign": "left",
                                },
                                Array [
                                  Object {
                                    "fontSize": 16,
                                  },
                                  Object {
                                    "color": "rgba(0, 0, 0, 0.87)",
                                  },
                                  Object {
                                    "color": "#263238",
                                    "fontFamily": "Roboto-Regular",
                                    "fontSize": 14,
                                    "fontWeight": "600",
                                    "lineHeight": 20,
                                  },
                                ],
                              ]
                            }
                          >
                            Mis otras direcciones
                          </Text>
                        </View>
                        <View
                          style={
                            Array [
                              Object {
                                "margin": 8,
                              },
                              undefined,
                            ]
                          }
                        >
                          <View
                            pointerEvents="box-none"
                            style={
                              Array [
                                Object {
                                  "alignItems": "center",
                                  "height": 40,
                                  "justifyContent": "center",
                                  "margin": 8,
                                  "width": 40,
                                },
                                undefined,
                              ]
                            }
                          >
                            <Text
                              accessibilityElementsHidden={true}
                              allowFontScaling={false}
                              importantForAccessibility="no-hide-descendants"
                              pointerEvents="none"
                              selectable={false}
                              style={
                                Array [
                                  Object {
                                    "color": "#263238",
                                    "fontSize": 24,
                                  },
                                  Array [
                                    Object {
                                      "lineHeight": 24,
                                      "transform": Array [
                                        Object {
                                          "scaleX": 1,
                                        },
                                      ],
                                    },
                                    Object {
                                      "backgroundColor": "transparent",
                                    },
                                  ],
                                  Object {
                                    "fontFamily": "Material Design Icons",
                                    "fontStyle": "normal",
                                    "fontWeight": "normal",
                                  },
                                  Object {},
                                ]
                              }
                            >
                              󰐕
                            </Text>
                          </View>
                        </View>
                      </View>
                    </View>
                  </View>
                </View>
              </View>
              <View>
                <View
                  style={
                    Object {
                      "backgroundColor": "#f6f6f6",
                    }
                  }
                >
                  <View
                    accessibilityRole="button"
                    accessibilityState={
                      Object {
                        "disabled": false,
                        "expanded": false,
                      }
                    }
                    accessible={true}
                    focusable={true}
                    onClick={[Function]}
                    onResponderGrant={[Function]}
                    onResponderMove={[Function]}
                    onResponderRelease={[Function]}
                    onResponderTerminate={[Function]}
                    onResponderTerminationRequest={[Function]}
                    onStartShouldSetResponder={[Function]}
                    style={
                      Array [
                        Object {
                          "overflow": "hidden",
                        },
                        Array [
                          Object {
                            "padding": 8,
                          },
                          Array [
                            Object {
                              "backgroundColor": "#ffffff",
                              "borderBottomWidth": 0.5,
                              "borderColor": "#979797",
                              "borderTopWidth": 0.5,
                              "height": 50,
                              "justifyContent": "center",
                              "width": "100%",
                            },
                          ],
                        ],
                      ]
                    }
                  >
                    <View
                      pointerEvents="none"
                      style={
                        Object {
                          "alignItems": "center",
                          "flexDirection": "row",
                        }
                      }
                    >
                      <View
                        style={
                          Array [
                            Object {
                              "margin": 8,
                            },
                            Object {
                              "flex": 1,
                              "justifyContent": "center",
                            },
                          ]
                        }
                      >
                        <Text
                          numberOfLines={1}
                          selectable={false}
                          style={
                            Array [
                              Object {
                                "color": "#000000",
                                "fontFamily": "System",
                                "fontWeight": "400",
                              },
                              Object {
                                "textAlign": "left",
                              },
                              Array [
                                Object {
                                  "fontSize": 16,
                                },
                                Object {
                                  "color": "rgba(0, 0, 0, 0.87)",
                                },
                                Object {
                                  "color": "#263238",
                                  "fontFamily": "Roboto-Regular",
                                  "fontSize": 14,
                                  "fontWeight": "600",
                                  "lineHeight": 20,
                                },
                              ],
                            ]
                          }
                        >
                          Enviar a otra dirección
                        </Text>
                      </View>
                      <View
                        style={
                          Array [
                            Object {
                              "margin": 8,
                            },
                            undefined,
                          ]
                        }
                      >
                        <View
                          pointerEvents="box-none"
                          style={
                            Array [
                              Object {
                                "alignItems": "center",
                                "height": 40,
                                "justifyContent": "center",
                                "margin": 8,
                                "width": 40,
                              },
                              undefined,
                            ]
                          }
                        >
                          <Text
                            accessibilityElementsHidden={true}
                            allowFontScaling={false}
                            importantForAccessibility="no-hide-descendants"
                            pointerEvents="none"
                            selectable={false}
                            style={
                              Array [
                                Object {
                                  "color": "#263238",
                                  "fontSize": 24,
                                },
                                Array [
                                  Object {
                                    "lineHeight": 24,
                                    "transform": Array [
                                      Object {
                                        "scaleX": 1,
                                      },
                                    ],
                                  },
                                  Object {
                                    "backgroundColor": "transparent",
                                  },
                                ],
                                Object {
                                  "fontFamily": "Material Design Icons",
                                  "fontStyle": "normal",
                                  "fontWeight": "normal",
                                },
                                Object {},
                              ]
                            }
                          >
                            󰐕
                          </Text>
                        </View>
                      </View>
                    </View>
                  </View>
                </View>
              </View>
              <View>
                <View
                  style={
                    Object {
                      "backgroundColor": "#f6f6f6",
                    }
                  }
                >
                  <View
                    accessibilityRole="button"
                    accessibilityState={
                      Object {
                        "disabled": false,
                        "expanded": false,
                      }
                    }
                    accessible={true}
                    focusable={true}
                    onClick={[Function]}
                    onResponderGrant={[Function]}
                    onResponderMove={[Function]}
                    onResponderRelease={[Function]}
                    onResponderTerminate={[Function]}
                    onResponderTerminationRequest={[Function]}
                    onStartShouldSetResponder={[Function]}
                    style={
                      Array [
                        Object {
                          "overflow": "hidden",
                        },
                        Array [
                          Object {
                            "padding": 8,
                          },
                          Array [
                            Object {
                              "backgroundColor": "#ffffff",
                              "borderBottomWidth": 0.5,
                              "borderColor": "#979797",
                              "borderTopWidth": 0.5,
                              "height": 50,
                              "justifyContent": "center",
                              "width": "100%",
                            },
                          ],
                        ],
                      ]
                    }
                  >
                    <View
                      pointerEvents="none"
                      style={
                        Object {
                          "alignItems": "center",
                          "flexDirection": "row",
                        }
                      }
                    >
                      <View
                        style={
                          Array [
                            Object {
                              "margin": 8,
                            },
                            Object {
                              "flex": 1,
                              "justifyContent": "center",
                            },
                          ]
                        }
                      >
                        <Text
                          numberOfLines={1}
                          selectable={false}
                          style={
                            Array [
                              Object {
                                "color": "#000000",
                                "fontFamily": "System",
                                "fontWeight": "400",
                              },
                              Object {
                                "textAlign": "left",
                              },
                              Array [
                                Object {
                                  "fontSize": 16,
                                },
                                Object {
                                  "color": "rgba(0, 0, 0, 0.87)",
                                },
                                Object {
                                  "color": "#263238",
                                  "fontFamily": "Roboto-Regular",
                                  "fontSize": 14,
                                  "fontWeight": "600",
                                  "lineHeight": 20,
                                },
                              ],
                            ]
                          }
                        >
                          Artículos envío a domicilio
                        </Text>
                      </View>
                      <View
                        style={
                          Array [
                            Object {
                              "margin": 8,
                            },
                            undefined,
                          ]
                        }
                      >
                        <View
                          pointerEvents="box-none"
                          style={
                            Array [
                              Object {
                                "alignItems": "center",
                                "height": 40,
                                "justifyContent": "center",
                                "margin": 8,
                                "width": 40,
                              },
                              undefined,
                            ]
                          }
                        >
                          <Text
                            accessibilityElementsHidden={true}
                            allowFontScaling={false}
                            importantForAccessibility="no-hide-descendants"
                            pointerEvents="none"
                            selectable={false}
                            style={
                              Array [
                                Object {
                                  "color": "#263238",
                                  "fontSize": 24,
                                },
                                Array [
                                  Object {
                                    "lineHeight": 24,
                                    "transform": Array [
                                      Object {
                                        "scaleX": 1,
                                      },
                                    ],
                                  },
                                  Object {
                                    "backgroundColor": "transparent",
                                  },
                                ],
                                Object {
                                  "fontFamily": "Material Design Icons",
                                  "fontStyle": "normal",
                                  "fontWeight": "normal",
                                },
                                Object {},
                              ]
                            }
                          >
                            󰐕
                          </Text>
                        </View>
                      </View>
                    </View>
                  </View>
                </View>
              </View>
            </View>
          </RCTScrollView>
          <Modal
            hardwareAccelerated={false}
            transparent={true}
            visible={false}
          />
        </RCTSafeAreaView>
      </View>
    </RNSScreen>
  </RNSScreenStack>
</RNCSafeAreaProvider>
`;
