// Jest Snapshot v1, https://goo.gl/fbAQLP

exports[`FavoriteScreen renders correctly FavoriteScreen in Snapshot 1`] = `
<RNCSafeAreaProvider
  onInsetsChange={[Function]}
  style={
    Array [
      Object {
        "flex": 1,
      },
      undefined,
    ]
  }
>
  <RNSScreenStack
    style={
      Object {
        "flex": 1,
      }
    }
  >
    <RNSScreen
      collapsable={false}
      forwardedRef={[Function]}
      gestureResponseDistance={
        Object {
          "bottom": -1,
          "end": -1,
          "start": -1,
          "top": -1,
        }
      }
      onAppear={[Function]}
      onDisappear={[Function]}
      onDismissed={[Function]}
      onTransitionProgress={[Function]}
      onWillDisappear={[Function]}
      replaceAnimation="push"
      stackPresentation="push"
      style={
        Object {
          "bottom": 0,
          "left": 0,
          "position": "absolute",
          "right": 0,
          "top": 0,
        }
      }
      swipeDirection="horizontal"
    >
      <RNSScreenStackHeaderConfig
        backButtonInCustomView={false}
        backgroundColor="rgb(255, 255, 255)"
        color="rgb(0, 122, 255)"
        direction="ltr"
        disableBackButtonMenu={false}
        hidden={false}
        hideBackButton={false}
        hideShadow={true}
        largeTitleHideShadow={false}
        title="Mi lista de deseos"
        titleColor="rgb(28, 28, 30)"
        topInsetEnabled={false}
        translucent={false}
      >
        <RNSScreenStackHeaderSubview
          style={
            Object {
              "alignItems": "center",
              "flexDirection": "row",
              "justifyContent": "center",
              "position": "absolute",
              "right": 0,
              "top": 0,
            }
          }
          type="right"
        >
          <View
            accessible={true}
            collapsable={false}
            focusable={true}
            onClick={[Function]}
            onResponderGrant={[Function]}
            onResponderMove={[Function]}
            onResponderRelease={[Function]}
            onResponderTerminate={[Function]}
            onResponderTerminationRequest={[Function]}
            onStartShouldSetResponder={[Function]}
            style={
              Object {
                "marginRight": 8,
                "opacity": 1,
              }
            }
            testID="shopping-cart"
          >
            <Text
              allowFontScaling={false}
              selectable={false}
              style={
                Array [
                  Object {
                    "color": undefined,
                    "fontSize": 26,
                  },
                  undefined,
                  Object {
                    "fontFamily": "Material Icons",
                    "fontStyle": "normal",
                    "fontWeight": "normal",
                  },
                  Object {},
                ]
              }
            >
              Ó£å
            </Text>
          </View>
        </RNSScreenStackHeaderSubview>
      </RNSScreenStackHeaderConfig>
      <View
        style={
          Array [
            Object {
              "flex": 1,
            },
            Object {
              "backgroundColor": "rgb(242, 242, 242)",
            },
            Object {
              "backgroundColor": "#ffffff",
            },
          ]
        }
      >
        <View
          style={
            Array [
              Object {
                "flex": 1,
              },
              Object {},
              Object {
                "backgroundColor": "#ffffff",
                "marginTop": -10,
              },
            ]
          }
        >
          <View
            style={
              Object {
                "marginTop": 60,
                "paddingHorizontal": 12,
              }
            }
          >
            <Text
              style={
                Object {
                  "color": "#263238",
                  "fontFamily": "Roboto-Regular",
                  "fontSize": 20,
                  "fontStyle": "normal",
                  "fontWeight": "500",
                  "letterSpacing": 0.2,
                  "lineHeight": 24,
                  "textAlign": "center",
                }
              }
              testID="textEmpty"
            >
              Tu lista de favoritos est√° vac√≠a üôÅ, agrega productos a tus favoritos tocando el coraz√≥n ‚ù§.
            </Text>
            <View
              accessibilityLabel=""
              accessibilityState={
                Object {
                  "disabled": false,
                }
              }
              accessible={true}
              collapsable={false}
              focusable={true}
              onClick={[Function]}
              onResponderGrant={[Function]}
              onResponderMove={[Function]}
              onResponderRelease={[Function]}
              onResponderTerminate={[Function]}
              onResponderTerminationRequest={[Function]}
              onStartShouldSetResponder={[Function]}
              style={
                Object {
                  "alignItems": "center",
                  "alignSelf": "center",
                  "backgroundColor": "#E31A2C",
                  "borderRadius": 5,
                  "justifyContent": "center",
                  "marginTop": 30,
                  "opacity": 1,
                  "paddingVertical": 10,
                  "width": "95%",
                }
              }
              testID=""
            >
              <View
                style={
                  Object {
                    "flexDirection": "row",
                    "justifyContent": "space-between",
                  }
                }
              >
                <Text
                  style={
                    Array [
                      Object {
                        "color": "white",
                        "fontFamily": undefined,
                        "fontSize": 14,
                        "fontStyle": "normal",
                        "fontWeight": undefined,
                      },
                      Object {},
                      Object {},
                    ]
                  }
                >
                  Regresar a inicio
                </Text>
              </View>
            </View>
          </View>
        </View>
      </View>
    </RNSScreen>
  </RNSScreenStack>
</RNCSafeAreaProvider>
`;
