// Jest Snapshot v1, https://goo.gl/fbAQLP

exports[`BillingAddressComponent renders correctly BillingAddressComponent in Snapshot 1`] = `
<RNCSafeAreaProvider
  onInsetsChange={[Function]}
  style={
    Array [
      Object {
        "flex": 1,
      },
      undefined,
    ]
  }
>
  <RNSScreenStack
    style={
      Object {
        "flex": 1,
      }
    }
  >
    <RNSScreen
      collapsable={false}
      forwardedRef={[Function]}
      gestureResponseDistance={
        Object {
          "bottom": -1,
          "end": -1,
          "start": -1,
          "top": -1,
        }
      }
      onAppear={[Function]}
      onDisappear={[Function]}
      onDismissed={[Function]}
      onTransitionProgress={[Function]}
      onWillDisappear={[Function]}
      replaceAnimation="push"
      stackPresentation="push"
      style={
        Object {
          "bottom": 0,
          "left": 0,
          "position": "absolute",
          "right": 0,
          "top": 0,
        }
      }
      swipeDirection="horizontal"
    >
      <RNSScreenStackHeaderConfig
        backButtonInCustomView={false}
        backgroundColor="rgb(255, 255, 255)"
        color="rgb(0, 122, 255)"
        direction="ltr"
        disableBackButtonMenu={false}
        hidden={false}
        hideBackButton={false}
        hideShadow={true}
        largeTitleHideShadow={false}
        title="default"
        titleColor="rgb(28, 28, 30)"
        topInsetEnabled={false}
        translucent={false}
      />
      <View
        style={
          Array [
            Object {
              "flex": 1,
            },
            Object {
              "backgroundColor": "rgb(242, 242, 242)",
            },
            Object {
              "backgroundColor": "#ffffff",
            },
          ]
        }
      >
        <View
          style={Object {}}
        >
          <View
            style={
              Object {
                "alignItems": "center",
                "alignSelf": "center",
                "backgroundColor": "#C4C4C4",
                "borderRadius": 93.75,
                "height": 187.5,
                "justifyContent": "center",
                "marginBottom": 10,
                "width": 187.5,
              }
            }
          >
            <Text
              allowFontScaling={false}
              selectable={false}
              style={
                Array [
                  Object {
                    "color": "#E31A2C",
                    "fontSize": 80,
                  },
                  undefined,
                  Object {
                    "fontFamily": "Material Design Icons",
                    "fontStyle": "normal",
                    "fontWeight": "normal",
                  },
                  Object {},
                ]
              }
            >
              󰍎
            </Text>
          </View>
          <Text
            style={
              Object {
                "color": "#263238",
                "fontFamily": "Roboto-Regular",
                "fontSize": 14,
                "fontStyle": "normal",
                "fontWeight": "400",
                "letterSpacing": 0.2,
                "lineHeight": 24,
                "paddingHorizontal": 5,
                "textAlign": "center",
              }
            }
          >
            Actualmente no cuentas con dirección de facturación guardada.
            <Text
              style={
                Array [
                  Object {
                    "fontFamily": "Roboto-Regular",
                    "fontStyle": "normal",
                    "fontWeight": "bold",
                  },
                  Object {
                    "color": "#000000",
                  },
                ]
              }
            >
               Para continuar es necesario que agregues una dirección.
            </Text>
          </Text>
          <View
            accessibilityLabel="add_address"
            accessible={true}
            collapsable={false}
            focusable={true}
            onClick={[Function]}
            onResponderGrant={[Function]}
            onResponderMove={[Function]}
            onResponderRelease={[Function]}
            onResponderTerminate={[Function]}
            onResponderTerminationRequest={[Function]}
            onStartShouldSetResponder={[Function]}
            style={
              Object {
                "alignItems": "center",
                "backgroundColor": "#ffffff",
                "borderColor": "#263238",
                "borderRadius": 5,
                "borderWidth": 1,
                "flexDirection": "row",
                "height": 40,
                "justifyContent": "center",
                "marginBottom": 24,
                "marginHorizontal": 16,
                "marginTop": 12,
                "opacity": 1,
                "paddingHorizontal": 8,
                "paddingVertical": 10,
              }
            }
            testID="add_address"
          >
            <Text
              style={
                Array [
                  Object {
                    "color": "#000000",
                    "fontFamily": "Roboto-Regular",
                    "fontSize": 14,
                    "fontWeight": "700",
                    "letterSpacing": 0.8,
                    "textAlign": "center",
                  },
                  undefined,
                  Object {
                    "color": "#263238",
                    "opacity": 1,
                  },
                ]
              }
            >
              AGREGAR DIRECCIÓN DE FACTURACIÓN
            </Text>
          </View>
          <Modal
            animationType="fade"
            hardwareAccelerated={false}
            onDismiss={[Function]}
            transparent={true}
            visible={false}
          />
        </View>
      </View>
    </RNSScreen>
  </RNSScreenStack>
</RNCSafeAreaProvider>
`;
