// Jest Snapshot v1, https://goo.gl/fbAQLP

exports[`CMSParagraph renders correctly CMSParagraph in Snapshot 1`] = `
<RNCSafeAreaProvider
  onInsetsChange={[Function]}
  style={
    Array [
      Object {
        "flex": 1,
      },
      undefined,
    ]
  }
>
  <RNSScreenStack
    style={
      Object {
        "flex": 1,
      }
    }
  >
    <RNSScreen
      collapsable={false}
      forwardedRef={[Function]}
      gestureResponseDistance={
        Object {
          "bottom": -1,
          "end": -1,
          "start": -1,
          "top": -1,
        }
      }
      onAppear={[Function]}
      onDisappear={[Function]}
      onDismissed={[Function]}
      onTransitionProgress={[Function]}
      onWillDisappear={[Function]}
      replaceAnimation="push"
      stackPresentation="push"
      style={
        Object {
          "bottom": 0,
          "left": 0,
          "position": "absolute",
          "right": 0,
          "top": 0,
        }
      }
      swipeDirection="horizontal"
    >
      <RNSScreenStackHeaderConfig
        backButtonInCustomView={false}
        backgroundColor="rgb(255, 255, 255)"
        color="rgb(0, 122, 255)"
        direction="ltr"
        disableBackButtonMenu={false}
        hidden={false}
        hideBackButton={false}
        hideShadow={true}
        largeTitleHideShadow={false}
        title="default"
        titleColor="rgb(28, 28, 30)"
        topInsetEnabled={false}
        translucent={false}
      />
      <View
        style={
          Array [
            Object {
              "flex": 1,
            },
            Object {
              "backgroundColor": "rgb(242, 242, 242)",
            },
            Object {
              "backgroundColor": "#ffffff",
            },
          ]
        }
      >
        <View
          style={
            Array [
              Object {
                "alignSelf": "center",
                "paddingVertical": 8,
                "textAlign": "center",
                "width": "85%",
              },
              undefined,
            ]
          }
        >
          <View
            style={
              Array [
                Object {},
                undefined,
                undefined,
              ]
            }
            testID="html"
          >
            <View
              style={
                Array [
                  Object {},
                  undefined,
                  undefined,
                ]
              }
              testID="body"
            >
              <View
                style={
                  Array [
                    Object {
                      "alignSelf": "center",
                      "marginBottom": 14,
                      "marginTop": 14,
                    },
                    undefined,
                    undefined,
                  ]
                }
                testID="p"
              >
                <Text
                  allowFontScaling={true}
                  selectable={false}
                  style={
                    Array [
                      Object {
                        "color": "#000000",
                        "fontFamily": "Roboto-Regular",
                        "fontSize": 14,
                        "fontWeight": "400",
                        "letterSpacing": 0.25,
                        "lineHeight": 20,
                        "textAlign": "center",
                      },
                      undefined,
                      undefined,
                    ]
                  }
                >
                  qwerty
                </Text>
              </View>
            </View>
          </View>
        </View>
      </View>
    </RNSScreen>
  </RNSScreenStack>
</RNCSafeAreaProvider>
`;
