// Jest Snapshot v1, https://goo.gl/fbAQLP

exports[`DonutChart renders correctly DonutChart in Snapshot 1`] = `
<RNCSafeAreaProvider
  onInsetsChange={[Function]}
  style={
    Array [
      Object {
        "flex": 1,
      },
      undefined,
    ]
  }
>
  <RNSScreenStack
    style={
      Object {
        "flex": 1,
      }
    }
  >
    <RNSScreen
      collapsable={false}
      forwardedRef={[Function]}
      gestureResponseDistance={
        Object {
          "bottom": -1,
          "end": -1,
          "start": -1,
          "top": -1,
        }
      }
      onAppear={[Function]}
      onDisappear={[Function]}
      onDismissed={[Function]}
      onTransitionProgress={[Function]}
      onWillDisappear={[Function]}
      replaceAnimation="push"
      stackPresentation="push"
      style={
        Object {
          "bottom": 0,
          "left": 0,
          "position": "absolute",
          "right": 0,
          "top": 0,
        }
      }
      swipeDirection="horizontal"
    >
      <RNSScreenStackHeaderConfig
        backButtonInCustomView={false}
        backgroundColor="rgb(255, 255, 255)"
        color="rgb(0, 122, 255)"
        direction="ltr"
        disableBackButtonMenu={false}
        hidden={false}
        hideBackButton={false}
        hideShadow={true}
        largeTitleHideShadow={false}
        title="default"
        titleColor="rgb(28, 28, 30)"
        topInsetEnabled={false}
        translucent={false}
      />
      <View
        style={
          Array [
            Object {
              "flex": 1,
            },
            Object {
              "backgroundColor": "rgb(242, 242, 242)",
            },
            Object {
              "backgroundColor": "#ffffff",
            },
          ]
        }
      >
        <View
          style={
            Object {
              "height": 200,
              "width": 200,
            }
          }
        >
          <RNSVGSvgView
            align="xMidYMid"
            bbHeight={200}
            bbWidth={200}
            fill="gray"
            focusable={false}
            height={200}
            meetOrSlice={0}
            minX={0}
            minY={0}
            style={
              Array [
                Object {
                  "backgroundColor": "transparent",
                  "borderWidth": 0,
                },
                Object {
                  "flex": 0,
                  "height": 200,
                  "width": 200,
                },
              ]
            }
            vbHeight={228}
            vbWidth={228}
            width={200}
          >
            <RNSVGGroup
              fill={4286611584}
              propList={
                Array [
                  "fill",
                ]
              }
            >
              <RNSVGGroup
                matrix={
                  Array [
                    1,
                    0,
                    -0,
                    1,
                    0,
                    0,
                  ]
                }
              >
                <RNSVGCircle
                  cx="50%"
                  cy="50%"
                  fill={0}
                  matrix={
                    Array [
                      -0.8660254037844386,
                      0.5000000000000001,
                      -0.5000000000000001,
                      -0.8660254037844386,
                      269.726896031426,
                      155.72689603142598,
                    ]
                  }
                  propList={
                    Array [
                      "fill",
                      "stroke",
                      "strokeWidth",
                      "strokeDasharray",
                      "strokeDashoffset",
                      "strokeLinejoin",
                    ]
                  }
                  r={100}
                  stroke={4293322470}
                  strokeDasharray={
                    Array [
                      628.3185307179587,
                      628.3185307179587,
                    ]
                  }
                  strokeDashoffset={209.43951023931956}
                  strokeLinejoin={1}
                  strokeWidth={14}
                />
                <RNSVGCircle
                  cx="50%"
                  cy="50%"
                  fill={0}
                  matrix={
                    Array [
                      -0.8660254037844386,
                      0.5000000000000001,
                      -0.5000000000000001,
                      -0.8660254037844386,
                      269.726896031426,
                      155.72689603142598,
                    ]
                  }
                  propList={
                    Array [
                      "fill",
                      "stroke",
                      "strokeWidth",
                      "strokeDasharray",
                      "strokeDashoffset",
                      "strokeLinejoin",
                    ]
                  }
                  r={100}
                  stroke={4293073452}
                  strokeDasharray={
                    Array [
                      628.3185307179587,
                      628.3185307179587,
                    ]
                  }
                  strokeDashoffset={209.43951023931956}
                  strokeLinejoin={1}
                  strokeWidth={14}
                />
              </RNSVGGroup>
            </RNSVGGroup>
          </RNSVGSvgView>
        </View>
      </View>
    </RNSScreen>
  </RNSScreenStack>
</RNCSafeAreaProvider>
`;
