// Jest Snapshot v1, https://goo.gl/fbAQLP

exports[`renders CreditMovement renders correctly in Snapshot 1`] = `
<RNCSafeAreaProvider
  onInsetsChange={[Function]}
  style={
    Array [
      Object {
        "flex": 1,
      },
      undefined,
    ]
  }
>
  <RNSScreenStack
    style={
      Object {
        "flex": 1,
      }
    }
  >
    <RNSScreen
      collapsable={false}
      forwardedRef={[Function]}
      gestureResponseDistance={
        Object {
          "bottom": -1,
          "end": -1,
          "start": -1,
          "top": -1,
        }
      }
      onAppear={[Function]}
      onDisappear={[Function]}
      onDismissed={[Function]}
      onTransitionProgress={[Function]}
      onWillDisappear={[Function]}
      replaceAnimation="push"
      stackPresentation="push"
      style={
        Object {
          "bottom": 0,
          "left": 0,
          "position": "absolute",
          "right": 0,
          "top": 0,
        }
      }
      swipeDirection="horizontal"
    >
      <RNSScreenStackHeaderConfig
        backButtonInCustomView={false}
        backgroundColor="rgb(255, 255, 255)"
        color="rgb(0, 122, 255)"
        direction="ltr"
        disableBackButtonMenu={false}
        hidden={false}
        hideBackButton={false}
        hideShadow={true}
        largeTitleHideShadow={false}
        title="default"
        titleColor="rgb(28, 28, 30)"
        topInsetEnabled={false}
        translucent={false}
      />
      <View
        style={
          Array [
            Object {
              "flex": 1,
            },
            Object {
              "backgroundColor": "rgb(242, 242, 242)",
            },
            Object {
              "backgroundColor": "#ffffff",
            },
          ]
        }
      >
        <View
          style={
            Object {
              "backgroundColor": "#ffffff",
              "flexDirection": "column",
              "paddingHorizontal": 16,
              "paddingVertical": 16,
            }
          }
        >
          <View
            onLayout={[Function]}
            style={
              Object {
                "marginVertical": 8,
                "width": "100%",
              }
            }
          >
            <View
              style={
                Object {
                  "backgroundColor": "#E1E9EE",
                  "borderRadius": 4,
                  "height": 200,
                  "key": "text-1",
                  "overflow": "hidden",
                  "width": "100%",
                }
              }
            >
              <View
                style={
                  Array [
                    Object {
                      "height": "100%",
                      "position": "absolute",
                      "width": "100%",
                    },
                    Object {
                      "transform": Array [
                        Object {
                          "translateX": undefined,
                        },
                      ],
                    },
                  ]
                }
              >
                <BVLinearGradient
                  colors={
                    Array [
                      4292995566,
                      4294113532,
                      4292995566,
                    ]
                  }
                  endPoint={
                    Object {
                      "x": 1,
                      "y": 0,
                    }
                  }
                  locations={null}
                  startPoint={
                    Object {
                      "x": 0,
                      "y": 0,
                    }
                  }
                  style={
                    Object {
                      "flex": 1,
                    }
                  }
                />
              </View>
            </View>
          </View>
          <View
            onLayout={[Function]}
            style={
              Object {
                "marginVertical": 8,
                "width": "100%",
              }
            }
          >
            <View
              style={
                Object {
                  "backgroundColor": "#E1E9EE",
                  "borderRadius": 4,
                  "height": 100,
                  "key": "text-1",
                  "overflow": "hidden",
                  "width": "100%",
                }
              }
            >
              <View
                style={
                  Array [
                    Object {
                      "height": "100%",
                      "position": "absolute",
                      "width": "100%",
                    },
                    Object {
                      "transform": Array [
                        Object {
                          "translateX": undefined,
                        },
                      ],
                    },
                  ]
                }
              >
                <BVLinearGradient
                  colors={
                    Array [
                      4292995566,
                      4294113532,
                      4292995566,
                    ]
                  }
                  endPoint={
                    Object {
                      "x": 1,
                      "y": 0,
                    }
                  }
                  locations={null}
                  startPoint={
                    Object {
                      "x": 0,
                      "y": 0,
                    }
                  }
                  style={
                    Object {
                      "flex": 1,
                    }
                  }
                />
              </View>
            </View>
          </View>
          <View
            style={
              Object {
                "flexDirection": "row",
                "flexWrap": "wrap",
                "width": "100%",
              }
            }
          >
            <View
              onLayout={[Function]}
              style={
                Object {
                  "paddingHorizontal": 2,
                  "paddingVertical": 2,
                  "width": "100%",
                }
              }
            >
              <View
                style={
                  Object {
                    "backgroundColor": "#E1E9EE",
                    "borderRadius": 4,
                    "height": 60,
                    "key": "cateogry-1",
                    "overflow": "hidden",
                    "width": "100%",
                  }
                }
              >
                <View
                  style={
                    Array [
                      Object {
                        "height": "100%",
                        "position": "absolute",
                        "width": "100%",
                      },
                      Object {
                        "transform": Array [
                          Object {
                            "translateX": undefined,
                          },
                        ],
                      },
                    ]
                  }
                >
                  <BVLinearGradient
                    colors={
                      Array [
                        4292995566,
                        4294113532,
                        4292995566,
                      ]
                    }
                    endPoint={
                      Object {
                        "x": 1,
                        "y": 0,
                      }
                    }
                    locations={null}
                    startPoint={
                      Object {
                        "x": 0,
                        "y": 0,
                      }
                    }
                    style={
                      Object {
                        "flex": 1,
                      }
                    }
                  />
                </View>
              </View>
            </View>
            <View
              onLayout={[Function]}
              style={
                Object {
                  "paddingHorizontal": 2,
                  "paddingVertical": 2,
                  "width": "100%",
                }
              }
            >
              <View
                style={
                  Object {
                    "backgroundColor": "#E1E9EE",
                    "borderRadius": 4,
                    "height": 60,
                    "key": "cateogry-1",
                    "overflow": "hidden",
                    "width": "100%",
                  }
                }
              >
                <View
                  style={
                    Array [
                      Object {
                        "height": "100%",
                        "position": "absolute",
                        "width": "100%",
                      },
                      Object {
                        "transform": Array [
                          Object {
                            "translateX": undefined,
                          },
                        ],
                      },
                    ]
                  }
                >
                  <BVLinearGradient
                    colors={
                      Array [
                        4292995566,
                        4294113532,
                        4292995566,
                      ]
                    }
                    endPoint={
                      Object {
                        "x": 1,
                        "y": 0,
                      }
                    }
                    locations={null}
                    startPoint={
                      Object {
                        "x": 0,
                        "y": 0,
                      }
                    }
                    style={
                      Object {
                        "flex": 1,
                      }
                    }
                  />
                </View>
              </View>
            </View>
            <View
              onLayout={[Function]}
              style={
                Object {
                  "paddingHorizontal": 2,
                  "paddingVertical": 2,
                  "width": "100%",
                }
              }
            >
              <View
                style={
                  Object {
                    "backgroundColor": "#E1E9EE",
                    "borderRadius": 4,
                    "height": 60,
                    "key": "cateogry-1",
                    "overflow": "hidden",
                    "width": "100%",
                  }
                }
              >
                <View
                  style={
                    Array [
                      Object {
                        "height": "100%",
                        "position": "absolute",
                        "width": "100%",
                      },
                      Object {
                        "transform": Array [
                          Object {
                            "translateX": undefined,
                          },
                        ],
                      },
                    ]
                  }
                >
                  <BVLinearGradient
                    colors={
                      Array [
                        4292995566,
                        4294113532,
                        4292995566,
                      ]
                    }
                    endPoint={
                      Object {
                        "x": 1,
                        "y": 0,
                      }
                    }
                    locations={null}
                    startPoint={
                      Object {
                        "x": 0,
                        "y": 0,
                      }
                    }
                    style={
                      Object {
                        "flex": 1,
                      }
                    }
                  />
                </View>
              </View>
            </View>
            <View
              onLayout={[Function]}
              style={
                Object {
                  "paddingHorizontal": 2,
                  "paddingVertical": 2,
                  "width": "100%",
                }
              }
            >
              <View
                style={
                  Object {
                    "backgroundColor": "#E1E9EE",
                    "borderRadius": 4,
                    "height": 60,
                    "key": "cateogry-1",
                    "overflow": "hidden",
                    "width": "100%",
                  }
                }
              >
                <View
                  style={
                    Array [
                      Object {
                        "height": "100%",
                        "position": "absolute",
                        "width": "100%",
                      },
                      Object {
                        "transform": Array [
                          Object {
                            "translateX": undefined,
                          },
                        ],
                      },
                    ]
                  }
                >
                  <BVLinearGradient
                    colors={
                      Array [
                        4292995566,
                        4294113532,
                        4292995566,
                      ]
                    }
                    endPoint={
                      Object {
                        "x": 1,
                        "y": 0,
                      }
                    }
                    locations={null}
                    startPoint={
                      Object {
                        "x": 0,
                        "y": 0,
                      }
                    }
                    style={
                      Object {
                        "flex": 1,
                      }
                    }
                  />
                </View>
              </View>
            </View>
            <View
              onLayout={[Function]}
              style={
                Object {
                  "paddingHorizontal": 2,
                  "paddingVertical": 2,
                  "width": "100%",
                }
              }
            >
              <View
                style={
                  Object {
                    "backgroundColor": "#E1E9EE",
                    "borderRadius": 4,
                    "height": 60,
                    "key": "cateogry-1",
                    "overflow": "hidden",
                    "width": "100%",
                  }
                }
              >
                <View
                  style={
                    Array [
                      Object {
                        "height": "100%",
                        "position": "absolute",
                        "width": "100%",
                      },
                      Object {
                        "transform": Array [
                          Object {
                            "translateX": undefined,
                          },
                        ],
                      },
                    ]
                  }
                >
                  <BVLinearGradient
                    colors={
                      Array [
                        4292995566,
                        4294113532,
                        4292995566,
                      ]
                    }
                    endPoint={
                      Object {
                        "x": 1,
                        "y": 0,
                      }
                    }
                    locations={null}
                    startPoint={
                      Object {
                        "x": 0,
                        "y": 0,
                      }
                    }
                    style={
                      Object {
                        "flex": 1,
                      }
                    }
                  />
                </View>
              </View>
            </View>
            <View
              onLayout={[Function]}
              style={
                Object {
                  "paddingHorizontal": 2,
                  "paddingVertical": 2,
                  "width": "100%",
                }
              }
            >
              <View
                style={
                  Object {
                    "backgroundColor": "#E1E9EE",
                    "borderRadius": 4,
                    "height": 60,
                    "key": "cateogry-1",
                    "overflow": "hidden",
                    "width": "100%",
                  }
                }
              >
                <View
                  style={
                    Array [
                      Object {
                        "height": "100%",
                        "position": "absolute",
                        "width": "100%",
                      },
                      Object {
                        "transform": Array [
                          Object {
                            "translateX": undefined,
                          },
                        ],
                      },
                    ]
                  }
                >
                  <BVLinearGradient
                    colors={
                      Array [
                        4292995566,
                        4294113532,
                        4292995566,
                      ]
                    }
                    endPoint={
                      Object {
                        "x": 1,
                        "y": 0,
                      }
                    }
                    locations={null}
                    startPoint={
                      Object {
                        "x": 0,
                        "y": 0,
                      }
                    }
                    style={
                      Object {
                        "flex": 1,
                      }
                    }
                  />
                </View>
              </View>
            </View>
            <View
              onLayout={[Function]}
              style={
                Object {
                  "paddingHorizontal": 2,
                  "paddingVertical": 2,
                  "width": "100%",
                }
              }
            >
              <View
                style={
                  Object {
                    "backgroundColor": "#E1E9EE",
                    "borderRadius": 4,
                    "height": 60,
                    "key": "cateogry-1",
                    "overflow": "hidden",
                    "width": "100%",
                  }
                }
              >
                <View
                  style={
                    Array [
                      Object {
                        "height": "100%",
                        "position": "absolute",
                        "width": "100%",
                      },
                      Object {
                        "transform": Array [
                          Object {
                            "translateX": undefined,
                          },
                        ],
                      },
                    ]
                  }
                >
                  <BVLinearGradient
                    colors={
                      Array [
                        4292995566,
                        4294113532,
                        4292995566,
                      ]
                    }
                    endPoint={
                      Object {
                        "x": 1,
                        "y": 0,
                      }
                    }
                    locations={null}
                    startPoint={
                      Object {
                        "x": 0,
                        "y": 0,
                      }
                    }
                    style={
                      Object {
                        "flex": 1,
                      }
                    }
                  />
                </View>
              </View>
            </View>
            <View
              onLayout={[Function]}
              style={
                Object {
                  "paddingHorizontal": 2,
                  "paddingVertical": 2,
                  "width": "100%",
                }
              }
            >
              <View
                style={
                  Object {
                    "backgroundColor": "#E1E9EE",
                    "borderRadius": 4,
                    "height": 60,
                    "key": "cateogry-1",
                    "overflow": "hidden",
                    "width": "100%",
                  }
                }
              >
                <View
                  style={
                    Array [
                      Object {
                        "height": "100%",
                        "position": "absolute",
                        "width": "100%",
                      },
                      Object {
                        "transform": Array [
                          Object {
                            "translateX": undefined,
                          },
                        ],
                      },
                    ]
                  }
                >
                  <BVLinearGradient
                    colors={
                      Array [
                        4292995566,
                        4294113532,
                        4292995566,
                      ]
                    }
                    endPoint={
                      Object {
                        "x": 1,
                        "y": 0,
                      }
                    }
                    locations={null}
                    startPoint={
                      Object {
                        "x": 0,
                        "y": 0,
                      }
                    }
                    style={
                      Object {
                        "flex": 1,
                      }
                    }
                  />
                </View>
              </View>
            </View>
            <View
              onLayout={[Function]}
              style={
                Object {
                  "paddingHorizontal": 2,
                  "paddingVertical": 2,
                  "width": "100%",
                }
              }
            >
              <View
                style={
                  Object {
                    "backgroundColor": "#E1E9EE",
                    "borderRadius": 4,
                    "height": 60,
                    "key": "cateogry-1",
                    "overflow": "hidden",
                    "width": "100%",
                  }
                }
              >
                <View
                  style={
                    Array [
                      Object {
                        "height": "100%",
                        "position": "absolute",
                        "width": "100%",
                      },
                      Object {
                        "transform": Array [
                          Object {
                            "translateX": undefined,
                          },
                        ],
                      },
                    ]
                  }
                >
                  <BVLinearGradient
                    colors={
                      Array [
                        4292995566,
                        4294113532,
                        4292995566,
                      ]
                    }
                    endPoint={
                      Object {
                        "x": 1,
                        "y": 0,
                      }
                    }
                    locations={null}
                    startPoint={
                      Object {
                        "x": 0,
                        "y": 0,
                      }
                    }
                    style={
                      Object {
                        "flex": 1,
                      }
                    }
                  />
                </View>
              </View>
            </View>
            <View
              onLayout={[Function]}
              style={
                Object {
                  "paddingHorizontal": 2,
                  "paddingVertical": 2,
                  "width": "100%",
                }
              }
            >
              <View
                style={
                  Object {
                    "backgroundColor": "#E1E9EE",
                    "borderRadius": 4,
                    "height": 60,
                    "key": "cateogry-1",
                    "overflow": "hidden",
                    "width": "100%",
                  }
                }
              >
                <View
                  style={
                    Array [
                      Object {
                        "height": "100%",
                        "position": "absolute",
                        "width": "100%",
                      },
                      Object {
                        "transform": Array [
                          Object {
                            "translateX": undefined,
                          },
                        ],
                      },
                    ]
                  }
                >
                  <BVLinearGradient
                    colors={
                      Array [
                        4292995566,
                        4294113532,
                        4292995566,
                      ]
                    }
                    endPoint={
                      Object {
                        "x": 1,
                        "y": 0,
                      }
                    }
                    locations={null}
                    startPoint={
                      Object {
                        "x": 0,
                        "y": 0,
                      }
                    }
                    style={
                      Object {
                        "flex": 1,
                      }
                    }
                  />
                </View>
              </View>
            </View>
          </View>
        </View>
      </View>
    </RNSScreen>
  </RNSScreenStack>
</RNCSafeAreaProvider>
`;
