// Jest Snapshot v1, https://goo.gl/fbAQLP

exports[`ComponentDeferred renders correctly in Snapshot ComponentDeferred 1`] = `
<RNCSafeAreaProvider
  onInsetsChange={[Function]}
  style={
    Array [
      Object {
        "flex": 1,
      },
      undefined,
    ]
  }
>
  <RNSScreenStack
    style={
      Object {
        "flex": 1,
      }
    }
  >
    <RNSScreen
      collapsable={false}
      forwardedRef={[Function]}
      gestureResponseDistance={
        Object {
          "bottom": -1,
          "end": -1,
          "start": -1,
          "top": -1,
        }
      }
      onAppear={[Function]}
      onDisappear={[Function]}
      onDismissed={[Function]}
      onTransitionProgress={[Function]}
      onWillDisappear={[Function]}
      replaceAnimation="push"
      stackPresentation="push"
      style={
        Object {
          "bottom": 0,
          "left": 0,
          "position": "absolute",
          "right": 0,
          "top": 0,
        }
      }
      swipeDirection="horizontal"
    >
      <RNSScreenStackHeaderConfig
        backButtonInCustomView={false}
        backgroundColor="rgb(255, 255, 255)"
        color="rgb(0, 122, 255)"
        direction="ltr"
        disableBackButtonMenu={false}
        hidden={false}
        hideBackButton={false}
        hideShadow={true}
        largeTitleHideShadow={false}
        title="default"
        titleColor="rgb(28, 28, 30)"
        topInsetEnabled={false}
        translucent={false}
      />
      <View
        style={
          Array [
            Object {
              "flex": 1,
            },
            Object {
              "backgroundColor": "rgb(242, 242, 242)",
            },
            Object {
              "backgroundColor": "#ffffff",
            },
          ]
        }
      >
        <View
          style={
            Array [
              Object {
                "alignItems": "center",
                "flexDirection": "row",
                "justifyContent": "center",
              },
              Object {},
            ]
          }
        >
          <View
            style={
              Array [
                Object {},
              ]
            }
          >
            <Text
              style={
                Array [
                  Object {
                    "color": "#E3172C",
                    "fontFamily": "Roboto-Regular",
                    "textAlign": "center",
                  },
                  Object {},
                ]
              }
            >
              <Text
                style={
                  Array [
                    Object {
                      "fontFamily": "Roboto-Regular",
                      "fontStyle": "normal",
                      "fontWeight": "bold",
                    },
                    Object {
                      "color": "#E3172C",
                      "fontSize": 20,
                    },
                  ]
                }
              >
                24
              </Text>
              

              Cuotas
            </Text>
          </View>
          <View
            style={
              Array [
                Object {
                  "borderLeftColor": "#E3172C",
                  "borderLeftWidth": 2,
                  "paddingLeft": 6,
                },
                Object {},
              ]
            }
          >
            <Text
              style={
                Array [
                  Object {
                    "color": "#E3172C",
                    "fontFamily": "Roboto-Regular",
                  },
                  Object {},
                ]
              }
            >
              <Text
                style={
                  Array [
                    Object {
                      "fontFamily": "Roboto-Regular",
                      "fontStyle": "normal",
                      "fontWeight": "bold",
                    },
                    Object {
                      "color": "#E3172C",
                      "fontSize": 14,
                    },
                  ]
                }
              >
                $54,57
              </Text>
               con Cr√©dito De Prati Final a pagar: 
              $1.309,68
            </Text>
          </View>
        </View>
      </View>
    </RNSScreen>
  </RNSScreenStack>
</RNCSafeAreaProvider>
`;
