// Jest Snapshot v1, https://goo.gl/fbAQLP

exports[`PriceCardPart renders correctly in Snapshot PriceCardPart 1`] = `
<RNCSafeAreaProvider
  onInsetsChange={[Function]}
  style={
    Array [
      Object {
        "flex": 1,
      },
      undefined,
    ]
  }
>
  <RNSScreenStack
    style={
      Object {
        "flex": 1,
      }
    }
  >
    <RNSScreen
      collapsable={false}
      forwardedRef={[Function]}
      gestureResponseDistance={
        Object {
          "bottom": -1,
          "end": -1,
          "start": -1,
          "top": -1,
        }
      }
      onAppear={[Function]}
      onDisappear={[Function]}
      onDismissed={[Function]}
      onTransitionProgress={[Function]}
      onWillDisappear={[Function]}
      replaceAnimation="push"
      stackPresentation="push"
      style={
        Object {
          "bottom": 0,
          "left": 0,
          "position": "absolute",
          "right": 0,
          "top": 0,
        }
      }
      swipeDirection="horizontal"
    >
      <RNSScreenStackHeaderConfig
        backButtonInCustomView={false}
        backgroundColor="rgb(255, 255, 255)"
        color="rgb(0, 122, 255)"
        direction="ltr"
        disableBackButtonMenu={false}
        hidden={false}
        hideBackButton={false}
        hideShadow={true}
        largeTitleHideShadow={false}
        title="default"
        titleColor="rgb(28, 28, 30)"
        topInsetEnabled={false}
        translucent={false}
      />
      <View
        style={
          Array [
            Object {
              "flex": 1,
            },
            Object {
              "backgroundColor": "rgb(242, 242, 242)",
            },
            Object {
              "backgroundColor": "#ffffff",
            },
          ]
        }
      >
        <View
          style={
            Object {
              "flexDirection": "column",
              "marginBottom": 12,
              "marginTop": 5,
            }
          }
        >
          <Text
            style={
              Array [
                Object {
                  "fontFamily": "Roboto-Regular",
                  "fontSize": 12,
                  "fontWeight": "400",
                  "lineHeight": 16,
                },
              ]
            }
          >
            undefined $2.4
          </Text>
          <Text
            style={
              Array [
                Object {
                  "fontFamily": "Roboto-Regular",
                  "fontSize": 12,
                  "fontWeight": "400",
                  "lineHeight": 16,
                },
                Object {
                  "marginTop": 8,
                },
              ]
            }
          >
            undefined 
            <Text
              style={
                Array [
                  Object {
                    "color": "#263238",
                    "fontSize": 16,
                    "fontWeight": "bold",
                    "letterSpacing": 0.1,
                    "lineHeight": 16,
                  },
                ]
              }
            >
              $4.8
            </Text>
          </Text>
        </View>
      </View>
    </RNSScreen>
  </RNSScreenStack>
</RNCSafeAreaProvider>
`;
