// Jest Snapshot v1, https://goo.gl/fbAQLP

exports[`Welcome renders correctly in Snapshot 1`] = `
<RNCSafeAreaProvider
  onInsetsChange={[Function]}
  style={
    Array [
      Object {
        "flex": 1,
      },
      undefined,
    ]
  }
>
  <RNSScreenStack
    style={
      Object {
        "flex": 1,
      }
    }
  >
    <RNSScreen
      collapsable={false}
      forwardedRef={[Function]}
      gestureResponseDistance={
        Object {
          "bottom": -1,
          "end": -1,
          "start": -1,
          "top": -1,
        }
      }
      onAppear={[Function]}
      onDisappear={[Function]}
      onDismissed={[Function]}
      onTransitionProgress={[Function]}
      onWillDisappear={[Function]}
      replaceAnimation="push"
      stackPresentation="push"
      style={
        Object {
          "bottom": 0,
          "left": 0,
          "position": "absolute",
          "right": 0,
          "top": 0,
        }
      }
      swipeDirection="horizontal"
    >
      <RNSScreenStackHeaderConfig
        backButtonInCustomView={false}
        backgroundColor="rgb(255, 255, 255)"
        color="rgb(0, 122, 255)"
        direction="ltr"
        disableBackButtonMenu={false}
        hidden={false}
        hideBackButton={false}
        hideShadow={true}
        largeTitleHideShadow={false}
        title="default"
        titleColor="rgb(28, 28, 30)"
        topInsetEnabled={false}
        translucent={false}
      />
      <View
        style={
          Array [
            Object {
              "flex": 1,
            },
            Object {
              "backgroundColor": "rgb(242, 242, 242)",
            },
            Object {
              "backgroundColor": "#ffffff",
            },
          ]
        }
      >
        <RCTSafeAreaView
          emulateUnlessSupported={true}
          style={
            Object {
              "backgroundColor": "#ffffff",
            }
          }
        >
          <RCTScrollView
            contentContainerStyle={
              Array [
                Object {
                  "paddingBottom": 0,
                },
                Object {
                  "height": 1334,
                },
              ]
            }
          >
            <View>
              <View
                style={
                  Object {
                    "alignItems": "center",
                    "height": "10%",
                    "paddingBottom": 16,
                  }
                }
              >
                <View
                  style={
                    Object {
                      "width": "60%",
                    }
                  }
                >
                  <View
                    accessible={true}
                    collapsable={false}
                    focusable={true}
                    onBlur={[Function]}
                    onClick={[Function]}
                    onFocus={[Function]}
                    onResponderGrant={[Function]}
                    onResponderMove={[Function]}
                    onResponderRelease={[Function]}
                    onResponderTerminate={[Function]}
                    onResponderTerminationRequest={[Function]}
                    onStartShouldSetResponder={[Function]}
                  >
                    <View
                      style={
                        Array [
                          Object {
                            "height": "auto",
                            "marginTop": 5,
                            "width": "100%",
                          },
                          undefined,
                        ]
                      }
                    />
                  </View>
                </View>
              </View>
              <View
                style={
                  Object {
                    "alignSelf": "center",
                    "backgroundColor": "#ffffff",
                    "borderRadius": 5,
                    "elevation": 8,
                    "height": "60%",
                    "shadowColor": "rgba(16, 10, 68, 0.4)",
                    "shadowOffset": Object {
                      "height": 8,
                      "width": 4,
                    },
                    "shadowOpacity": 0.4,
                    "shadowRadius": 20,
                    "width": "90%",
                  }
                }
              >
                <RCTScrollView
                  collapsable={false}
                  data={
                    Array [
                      Object {
                        "container": "false",
                        "content": "Prueba iPhone - texto texto texto",
                        "external": "false",
                        "headline": "Bienvenido A De Prati App - Prueba",
                        "media": Object {
                          "code": "WelcomeCarousel_1_Mobile.png",
                          "downloadUrl": "https://imagestg.deprati.com.ec/sys-master/images/h6f/h47/8969902358558",
                          "mime": "image/png",
                          "url": "https://imagestg.deprati.com.ec/sys-master/images/h6f/h47/8969902358558",
                        },
                        "modifiedTime": "2022-05-18T21:25:31+0000",
                        "name": "Example1 Home Banner Mobile",
                        "typeCode": "BannerComponent",
                        "uid": "WelcomeCarousel_1_Mobile",
                        "urlLink": "/",
                      },
                      Object {
                        "container": "false",
                        "content": "Neque porro quisquam est, qui dolorem ipsum, quia dolor sit, amet, consectetur, adipisci velit",
                        "external": "false",
                        "headline": "Encuentra tus productos favoritos",
                        "media": Object {
                          "code": "WelcomeCarousel_2_Mobile.png",
                          "downloadUrl": "https://imagestg.deprati.com.ec/sys-master/images/h8e/he8/8969829449758",
                          "mime": "image/png",
                          "url": "https://imagestg.deprati.com.ec/sys-master/images/h8e/he8/8969829449758",
                        },
                        "modifiedTime": "2023-01-25T14:25:41+0000",
                        "name": "Example2 Home Banner Mobile",
                        "typeCode": "BannerComponent",
                        "uid": "WelcomeCarousel_2_Mobile",
                        "urlLink": "/",
                      },
                      Object {
                        "container": "false",
                        "content": "Neque porro quisquam est, qui dolorem ipsum, quia dolor sit, amet, consectetur, adipisci velit. Hola.",
                        "external": "false",
                        "headline": "Solicita tu Crédito De Prati de forma facíl y rápida - Prueba iPhone",
                        "media": Object {
                          "code": "WelcomeCarousel_3_Mobile.png",
                          "downloadUrl": "https://imagestg.deprati.com.ec/sys-master/images/h23/he8/8969829482526",
                          "mime": "image/png",
                          "url": "https://imagestg.deprati.com.ec/sys-master/images/h23/he8/8969829482526",
                        },
                        "modifiedTime": "2023-01-25T14:25:41+0000",
                        "name": "Example3 Home Banner Mobile",
                        "typeCode": "BannerComponent",
                        "uid": "WelcomeCarousel_3_Mobile",
                        "urlLink": "/",
                      },
                    ]
                  }
                  getItem={[Function]}
                  getItemCount={[Function]}
                  handlerTag={1}
                  handlerType="NativeViewGestureHandler"
                  horizontal={true}
                  keyExtractor={[Function]}
                  onContentSizeChange={[Function]}
                  onEndReached={[Function]}
                  onGestureHandlerEvent={[Function]}
                  onGestureHandlerStateChange={[Function]}
                  onLayout={[Function]}
                  onMomentumScrollBegin={[Function]}
                  onMomentumScrollEnd={[Function]}
                  onScroll={[Function]}
                  onScrollBeginDrag={[Function]}
                  onScrollEndDrag={[Function]}
                  pagingEnabled={true}
                  removeClippedSubviews={false}
                  renderItem={[Function]}
                  renderScrollComponent={[Function]}
                  scrollEventThrottle={50}
                  showsHorizontalScrollIndicator={false}
                  stickyHeaderIndices={Array []}
                  viewabilityConfigCallbackPairs={Array []}
                >
                  <View>
                    <View
                      onLayout={[Function]}
                      style={
                        Array [
                          Object {
                            "flexDirection": "row",
                          },
                          null,
                        ]
                      }
                    >
                      <View
                        style={
                          Object {
                            "justifyContent": "center",
                            "width": 675,
                          }
                        }
                      >
                        <Text
                          style={
                            Object {
                              "color": "#263238",
                              "fontFamily": "Roboto-Regular",
                              "fontSize": 18,
                              "fontStyle": "normal",
                              "fontWeight": "500",
                              "paddingHorizontal": "20%",
                              "paddingTop": "3%",
                              "textAlign": "center",
                            }
                          }
                        >
                          Bienvenido A De Prati App - Prueba
                        </Text>
                        <View
                          style={
                            Object {
                              "alignSelf": "center",
                              "height": "60%",
                              "justifyContent": "center",
                              "marginTop": 20,
                              "width": "85%",
                            }
                          }
                        >
                          <Image
                            source={
                              Object {
                                "uri": "https://imagestg.deprati.com.ec/sys-master/images/h6f/h47/8969902358558",
                              }
                            }
                            style={
                              Object {
                                "height": "100%",
                                "resizeMode": "contain",
                                "width": "100%",
                              }
                            }
                          />
                        </View>
                        <View
                          style={
                            Object {
                              "marginTop": 15,
                            }
                          }
                        >
                          <Text
                            style={
                              Object {
                                "color": "#263238",
                                "fontFamily": "Roboto-Regular",
                                "fontSize": 14,
                                "fontStyle": "normal",
                                "fontWight": "400",
                                "letterSpacing": 0.25,
                                "paddingHorizontal": "10%",
                                "textAlign": "center",
                              }
                            }
                          >
                            Prueba iPhone - texto texto texto
                          </Text>
                        </View>
                      </View>
                    </View>
                    <View
                      onLayout={[Function]}
                      style={
                        Array [
                          Object {
                            "flexDirection": "row",
                          },
                          null,
                        ]
                      }
                    >
                      <View
                        style={
                          Object {
                            "justifyContent": "center",
                            "width": 675,
                          }
                        }
                      >
                        <Text
                          style={
                            Object {
                              "color": "#263238",
                              "fontFamily": "Roboto-Regular",
                              "fontSize": 18,
                              "fontStyle": "normal",
                              "fontWeight": "500",
                              "paddingHorizontal": "20%",
                              "paddingTop": "3%",
                              "textAlign": "center",
                            }
                          }
                        >
                          Encuentra tus productos favoritos
                        </Text>
                        <View
                          style={
                            Object {
                              "alignSelf": "center",
                              "height": "60%",
                              "justifyContent": "center",
                              "marginTop": 20,
                              "width": "85%",
                            }
                          }
                        >
                          <Image
                            source={
                              Object {
                                "uri": "https://imagestg.deprati.com.ec/sys-master/images/h8e/he8/8969829449758",
                              }
                            }
                            style={
                              Object {
                                "height": "100%",
                                "resizeMode": "contain",
                                "width": "100%",
                              }
                            }
                          />
                        </View>
                        <View
                          style={
                            Object {
                              "marginTop": 15,
                            }
                          }
                        >
                          <Text
                            style={
                              Object {
                                "color": "#263238",
                                "fontFamily": "Roboto-Regular",
                                "fontSize": 14,
                                "fontStyle": "normal",
                                "fontWight": "400",
                                "letterSpacing": 0.25,
                                "paddingHorizontal": "10%",
                                "textAlign": "center",
                              }
                            }
                          >
                            Neque porro quisquam est, qui dolorem ipsum, quia dolor sit, amet, consectetur, adipisci velit
                          </Text>
                        </View>
                      </View>
                    </View>
                    <View
                      onLayout={[Function]}
                      style={
                        Array [
                          Object {
                            "flexDirection": "row",
                          },
                          null,
                        ]
                      }
                    >
                      <View
                        style={
                          Object {
                            "justifyContent": "center",
                            "width": 675,
                          }
                        }
                      >
                        <Text
                          style={
                            Object {
                              "color": "#263238",
                              "fontFamily": "Roboto-Regular",
                              "fontSize": 18,
                              "fontStyle": "normal",
                              "fontWeight": "500",
                              "paddingHorizontal": "20%",
                              "paddingTop": "3%",
                              "textAlign": "center",
                            }
                          }
                        >
                          Solicita tu Crédito De Prati de forma facíl y rápida - Prueba iPhone
                        </Text>
                        <View
                          style={
                            Object {
                              "alignSelf": "center",
                              "height": "60%",
                              "justifyContent": "center",
                              "marginTop": 20,
                              "width": "85%",
                            }
                          }
                        >
                          <Image
                            source={
                              Object {
                                "uri": "https://imagestg.deprati.com.ec/sys-master/images/h23/he8/8969829482526",
                              }
                            }
                            style={
                              Object {
                                "height": "100%",
                                "resizeMode": "contain",
                                "width": "100%",
                              }
                            }
                          />
                        </View>
                        <View
                          style={
                            Object {
                              "marginTop": 15,
                            }
                          }
                        >
                          <Text
                            style={
                              Object {
                                "color": "#263238",
                                "fontFamily": "Roboto-Regular",
                                "fontSize": 14,
                                "fontStyle": "normal",
                                "fontWight": "400",
                                "letterSpacing": 0.25,
                                "paddingHorizontal": "10%",
                                "textAlign": "center",
                              }
                            }
                          >
                            Neque porro quisquam est, qui dolorem ipsum, quia dolor sit, amet, consectetur, adipisci velit. Hola.
                          </Text>
                        </View>
                      </View>
                    </View>
                  </View>
                </RCTScrollView>
                <View
                  style={
                    Object {
                      "alignItems": "center",
                      "alignSelf": "center",
                      "flexDirection": "row",
                      "height": "5%",
                    }
                  }
                >
                  <View
                    style={
                      Array [
                        Object {
                          "borderRadius": 5,
                          "height": 10,
                          "marginHorizontal": 5,
                          "width": 10,
                        },
                        Object {
                          "backgroundColor": "#E31A2C",
                        },
                      ]
                    }
                  />
                  <View
                    style={
                      Array [
                        Object {
                          "borderRadius": 5,
                          "height": 10,
                          "marginHorizontal": 5,
                          "width": 10,
                        },
                        Object {
                          "backgroundColor": "#E6E6E6",
                        },
                      ]
                    }
                  />
                  <View
                    style={
                      Array [
                        Object {
                          "borderRadius": 5,
                          "height": 10,
                          "marginHorizontal": 5,
                          "width": 10,
                        },
                        Object {
                          "backgroundColor": "#E6E6E6",
                        },
                      ]
                    }
                  />
                </View>
              </View>
              <View
                accessible={true}
                style={
                  Object {
                    "alignItems": "center",
                    "bottom": -50,
                    "height": 300,
                    "paddingTop": 20,
                    "width": "100%",
                  }
                }
              >
                <View
                  accessibilityLabel="welcome_iniciar_sesion"
                  accessibilityState={
                    Object {
                      "disabled": false,
                    }
                  }
                  accessible={true}
                  collapsable={false}
                  focusable={true}
                  onClick={[Function]}
                  onResponderGrant={[Function]}
                  onResponderMove={[Function]}
                  onResponderRelease={[Function]}
                  onResponderTerminate={[Function]}
                  onResponderTerminationRequest={[Function]}
                  onStartShouldSetResponder={[Function]}
                  style={
                    Object {
                      "alignItems": "center",
                      "backgroundColor": "#E31A2C",
                      "borderRadius": 5,
                      "justifyContent": "center",
                      "opacity": 1,
                      "paddingVertical": 10,
                      "width": "95%",
                    }
                  }
                  testID="welcome_iniciar_sesion"
                >
                  <View
                    style={
                      Object {
                        "flexDirection": "row",
                        "justifyContent": "space-between",
                      }
                    }
                  >
                    <Text
                      style={
                        Array [
                          Object {
                            "color": "white",
                            "fontFamily": undefined,
                            "fontSize": 14,
                            "fontStyle": "normal",
                            "fontWeight": undefined,
                          },
                          Object {},
                          Object {},
                        ]
                      }
                    >
                      INICIAR SESIÓN
                    </Text>
                  </View>
                </View>
                <View
                  accessibilityLabel="welcome_btn_omitir"
                  accessibilityState={
                    Object {
                      "disabled": false,
                    }
                  }
                  accessible={true}
                  collapsable={false}
                  focusable={true}
                  onClick={[Function]}
                  onResponderGrant={[Function]}
                  onResponderMove={[Function]}
                  onResponderRelease={[Function]}
                  onResponderTerminate={[Function]}
                  onResponderTerminationRequest={[Function]}
                  onStartShouldSetResponder={[Function]}
                  style={
                    Object {
                      "alignItems": "center",
                      "justifyContent": "center",
                      "opacity": 1,
                      "paddingVertical": 14,
                    }
                  }
                  testID="welcome_btn_omitir"
                >
                  <Text
                    style={
                      Array [
                        Object {
                          "color": "#263238",
                          "fontFamily": "Roboto-Regular",
                          "fontSize": 14,
                          "fontWeight": undefined,
                          "letterSpacing": 0.6,
                          "textDecorationLine": "underline",
                        },
                        Object {},
                        Object {},
                      ]
                    }
                  >
                    Invitado
                  </Text>
                </View>
              </View>
            </View>
          </RCTScrollView>
        </RCTSafeAreaView>
      </View>
    </RNSScreen>
  </RNSScreenStack>
</RNCSafeAreaProvider>
`;
